Component: ARM Compiler 5.06 (build 20) Tool: armlink [4d35a3]

==============================================================================

Section Cross References

    main.o(i.Error_Handler) refers to stm32f0xx_hal_gpio.o(i.HAL_GPIO_WritePin) for HAL_GPIO_WritePin
    main.o(i.Error_Handler) refers to stm32f0xx_hal_gpio.o(i.HAL_GPIO_TogglePin) for HAL_GPIO_TogglePin
    main.o(i.Error_Handler) refers to stm32f0xx_hal.o(i.HAL_Delay) for HAL_Delay
    main.o(i.HAL_GPIO_EXTI_Callback) refers to main.o(.data) for .data
    main.o(i.HAL_TIM_PeriodElapsedCallback) refers to main.o(.data) for .data
    main.o(i.HAL_UART_RxCpltCallback) refers to stm32f0xx_hal_uart.o(i.HAL_UART_Receive_DMA) for HAL_UART_Receive_DMA
    main.o(i.HAL_UART_RxCpltCallback) refers to printfb.o(i.__0printf$bare) for __2printf
    main.o(i.HAL_UART_RxCpltCallback) refers to main.o(i.Error_Handler) for Error_Handler
    main.o(i.HAL_UART_RxCpltCallback) refers to main.o(.data) for .data
    main.o(i.HAL_UART_RxCpltCallback) refers to main.o(.bss) for .bss
    main.o(i.HAL_UART_TxCpltCallback) refers to printfb.o(i.__0printf$bare) for __2printf
    main.o(i.HAL_UART_TxCpltCallback) refers to main.o(.data) for .data
    main.o(i.MX_GPIO_Init) refers to stm32f0xx_hal_gpio.o(i.HAL_GPIO_Init) for HAL_GPIO_Init
    main.o(i.MX_GPIO_Init) refers to stm32f0xx_hal_cortex.o(i.HAL_NVIC_SetPriority) for HAL_NVIC_SetPriority
    main.o(i.MX_GPIO_Init) refers to stm32f0xx_hal_cortex.o(i.HAL_NVIC_EnableIRQ) for HAL_NVIC_EnableIRQ
    main.o(i.MX_I2C1_Init) refers to stm32f0xx_hal_i2c.o(i.HAL_I2C_Init) for HAL_I2C_Init
    main.o(i.MX_I2C1_Init) refers to stm32f0xx_hal_i2c_ex.o(i.HAL_I2CEx_ConfigAnalogFilter) for HAL_I2CEx_ConfigAnalogFilter
    main.o(i.MX_I2C1_Init) refers to main.o(.bss) for .bss
    main.o(i.MX_USART1_UART_Init) refers to stm32f0xx_hal_uart.o(i.HAL_UART_Init) for HAL_UART_Init
    main.o(i.MX_USART1_UART_Init) refers to main.o(.bss) for .bss
    main.o(i.MX_USART2_UART_Init) refers to stm32f0xx_hal_uart.o(i.HAL_UART_Init) for HAL_UART_Init
    main.o(i.MX_USART2_UART_Init) refers to main.o(.bss) for .bss
    main.o(i.StartEasyDriveTask) refers to stm32f0xx_hal_gpio.o(i.HAL_GPIO_WritePin) for HAL_GPIO_WritePin
    main.o(i.StartEasyDriveTask) refers to stm32f0xx_hal.o(i.HAL_Delay) for HAL_Delay
    main.o(i.StartEasyDriveTask) refers to main.o(i.delay_70usec) for delay_70usec
    main.o(i.StartEasyDriveTask) refers to main.o(.data) for .data
    main.o(i.StartUartTask) refers to memcpya.o(.text) for __aeabi_memcpy
    main.o(i.StartUartTask) refers to stm32f0xx_hal_uart.o(i.HAL_UART_Transmit_DMA) for HAL_UART_Transmit_DMA
    main.o(i.StartUartTask) refers to stm32f0xx_hal.o(i.HAL_Delay) for HAL_Delay
    main.o(i.StartUartTask) refers to main.o(i.Error_Handler) for Error_Handler
    main.o(i.StartUartTask) refers to main.o(.data) for .data
    main.o(i.StartUartTask) refers to main.o(.bss) for .bss
    main.o(i.SysHW_readEEPROM) refers to printfb.o(i.__0printf$bare) for __2printf
    main.o(i.SysHW_readEEPROM) refers to stm32f0xx_hal_i2c.o(i.HAL_I2C_Mem_Read_DMA) for HAL_I2C_Mem_Read_DMA
    main.o(i.SysHW_readEEPROM) refers to main.o(.bss) for .bss
    main.o(i.SysHW_writeEEPROM) refers to printfb.o(i.__0printf$bare) for __2printf
    main.o(i.SysHW_writeEEPROM) refers to stm32f0xx_hal_i2c.o(i.HAL_I2C_Mem_Write_DMA) for HAL_I2C_Mem_Write_DMA
    main.o(i.SysHW_writeEEPROM) refers to main.o(.bss) for .bss
    main.o(i.SystemClock_Config) refers to stm32f0xx_hal_rcc.o(i.HAL_RCC_OscConfig) for HAL_RCC_OscConfig
    main.o(i.SystemClock_Config) refers to stm32f0xx_hal_rcc.o(i.HAL_RCC_ClockConfig) for HAL_RCC_ClockConfig
    main.o(i.SystemClock_Config) refers to stm32f0xx_hal_rcc_ex.o(i.HAL_RCCEx_PeriphCLKConfig) for HAL_RCCEx_PeriphCLKConfig
    main.o(i.SystemClock_Config) refers to stm32f0xx_hal_rcc.o(i.HAL_RCC_GetHCLKFreq) for HAL_RCC_GetHCLKFreq
    main.o(i.SystemClock_Config) refers to uidiv.o(.text) for __aeabi_uidivmod
    main.o(i.SystemClock_Config) refers to stm32f0xx_hal_cortex.o(i.HAL_SYSTICK_Config) for HAL_SYSTICK_Config
    main.o(i.SystemClock_Config) refers to stm32f0xx_hal_cortex.o(i.HAL_SYSTICK_CLKSourceConfig) for HAL_SYSTICK_CLKSourceConfig
    main.o(i.SystemClock_Config) refers to stm32f0xx_hal_cortex.o(i.HAL_NVIC_SetPriority) for HAL_NVIC_SetPriority
    main.o(i.delay_70usec) refers to main.o(.bss) for .bss
    main.o(i.delay_70usec) refers to main.o(.data) for .data
    main.o(i.fgetc) refers to stm32f0xx_hal_uart.o(i.HAL_UART_Receive) for HAL_UART_Receive
    main.o(i.fgetc) refers to main.o(.data) for .data
    main.o(i.fgetc) refers to main.o(.bss) for .bss
    main.o(i.fputc) refers to stm32f0xx_hal_uart.o(i.HAL_UART_Transmit) for HAL_UART_Transmit
    main.o(i.fputc) refers to main.o(.bss) for .bss
    main.o(i.main) refers to stm32f0xx_hal.o(i.HAL_Init) for HAL_Init
    main.o(i.main) refers to main.o(i.SystemClock_Config) for SystemClock_Config
[...]
    Removing stm32f0xx_hal_i2c.o(i.I2C_WaitOnTXISFlagUntilTimeout), (84 bytes).
    Removing stm32f0xx_hal_rcc.o(.rev16_text), (4 bytes).
    Removing stm32f0xx_hal_rcc.o(.revsh_text), (4 bytes).
    Removing stm32f0xx_hal_rcc.o(i.HAL_RCC_CSSCallback), (2 bytes).
    Removing stm32f0xx_hal_rcc.o(i.HAL_RCC_DeInit), (60 bytes).
    Removing stm32f0xx_hal_rcc.o(i.HAL_RCC_DisableCSS), (20 bytes).
    Removing stm32f0xx_hal_rcc.o(i.HAL_RCC_EnableCSS), (20 bytes).
    Removing stm32f0xx_hal_rcc.o(i.HAL_RCC_GetClockConfig), (56 bytes).
    Removing stm32f0xx_hal_rcc.o(i.HAL_RCC_GetOscConfig), (160 bytes).
    Removing stm32f0xx_hal_rcc.o(i.HAL_RCC_MCOConfig), (72 bytes).
    Removing stm32f0xx_hal_rcc.o(i.HAL_RCC_NMI_IRQHandler), (24 bytes).
    Removing stm32f0xx_hal_uart.o(.rev16_text), (4 bytes).
    Removing stm32f0xx_hal_uart.o(.revsh_text), (4 bytes).
    Removing stm32f0xx_hal_uart.o(i.HAL_HalfDuplex_EnableReceiver), (52 bytes).
    Removing stm32f0xx_hal_uart.o(i.HAL_HalfDuplex_EnableTransmitter), (52 bytes).
    Removing stm32f0xx_hal_uart.o(i.HAL_HalfDuplex_Init), (118 bytes).
    Removing stm32f0xx_hal_uart.o(i.HAL_MultiProcessor_DisableMuteMode), (42 bytes).
    Removing stm32f0xx_hal_uart.o(i.HAL_MultiProcessor_EnableMuteMode), (42 bytes).
    Removing stm32f0xx_hal_uart.o(i.HAL_MultiProcessor_EnterMuteMode), (12 bytes).
    Removing stm32f0xx_hal_uart.o(i.HAL_MultiProcessor_Init), (144 bytes).
    Removing stm32f0xx_hal_uart.o(i.HAL_UART_DMAPause), (78 bytes).
    Removing stm32f0xx_hal_uart.o(i.HAL_UART_DMAResume), (88 bytes).
    Removing stm32f0xx_hal_uart.o(i.HAL_UART_DMAStop), (54 bytes).
    Removing stm32f0xx_hal_uart.o(i.HAL_UART_DeInit), (60 bytes).
    Removing stm32f0xx_hal_uart.o(i.HAL_UART_GetError), (4 bytes).
    Removing stm32f0xx_hal_uart.o(i.HAL_UART_GetState), (6 bytes).
    Removing stm32f0xx_hal_uart.o(i.HAL_UART_MspDeInit), (2 bytes).
    Removing stm32f0xx_hal_uart.o(i.HAL_UART_MspInit), (2 bytes).
    Removing stm32f0xx_hal_uart.o(i.HAL_UART_Receive), (224 bytes).
    Removing stm32f0xx_hal_uart.o(i.HAL_UART_Receive_IT), (148 bytes).
    Removing stm32f0xx_hal_uart.o(i.HAL_UART_RxCpltCallback), (2 bytes).
    Removing stm32f0xx_hal_uart.o(i.HAL_UART_Transmit_IT), (96 bytes).
    Removing stm32f0xx_hal_uart.o(i.HAL_UART_TxCpltCallback), (2 bytes).
    Removing stm32f0xx_hal_pwr_ex.o(.rev16_text), (4 bytes).
    Removing stm32f0xx_hal_pwr_ex.o(.revsh_text), (4 bytes).
    Removing stm32f0xx_hal_cortex.o(.rev16_text), (4 bytes).
    Removing stm32f0xx_hal_cortex.o(.revsh_text), (4 bytes).
    Removing stm32f0xx_hal_cortex.o(i.HAL_NVIC_ClearPendingIRQ), (20 bytes).
    Removing stm32f0xx_hal_cortex.o(i.HAL_NVIC_DisableIRQ), (20 bytes).
    Removing stm32f0xx_hal_cortex.o(i.HAL_NVIC_GetPendingIRQ), (28 bytes).
    Removing stm32f0xx_hal_cortex.o(i.HAL_NVIC_GetPriority), (52 bytes).
    Removing stm32f0xx_hal_cortex.o(i.HAL_NVIC_SetPendingIRQ), (20 bytes).
    Removing stm32f0xx_hal_cortex.o(i.HAL_NVIC_SystemReset), (28 bytes).
    Removing stm32f0xx_hal_cortex.o(i.HAL_SYSTICK_Callback), (2 bytes).
    Removing stm32f0xx_hal_cortex.o(i.HAL_SYSTICK_IRQHandler), (8 bytes).
    Removing stm32f0xx_hal_rcc_ex.o(.rev16_text), (4 bytes).
    Removing stm32f0xx_hal_rcc_ex.o(.revsh_text), (4 bytes).
    Removing stm32f0xx_hal_rcc_ex.o(i.HAL_RCCEx_GetPeriphCLKConfig), (44 bytes).
    Removing stm32f0xx_hal_rcc_ex.o(i.HAL_RCCEx_GetPeriphCLKFreq), (156 bytes).
    Removing stm32f0xx_hal_flash_ex.o(.rev16_text), (4 bytes).
    Removing stm32f0xx_hal_flash_ex.o(.revsh_text), (4 bytes).
    Removing stm32f0xx_hal_flash_ex.o(i.FLASH_MassErase), (36 bytes).
    Removing stm32f0xx_hal_flash_ex.o(i.FLASH_OB_DisableWRP), (108 bytes).
    Removing stm32f0xx_hal_flash_ex.o(i.FLASH_OB_EnableWRP), (108 bytes).
    Removing stm32f0xx_hal_flash_ex.o(i.FLASH_OB_GetRDP), (28 bytes).
    Removing stm32f0xx_hal_flash_ex.o(i.FLASH_OB_RDP_LevelConfig), (96 bytes).
    Removing stm32f0xx_hal_flash_ex.o(i.FLASH_PageErase), (36 bytes).
    Removing stm32f0xx_hal_flash_ex.o(i.HAL_FLASHEx_Erase), (160 bytes).
    Removing stm32f0xx_hal_flash_ex.o(i.HAL_FLASHEx_Erase_IT), (88 bytes).
    Removing stm32f0xx_hal_flash_ex.o(i.HAL_FLASHEx_OBErase), (80 bytes).
    Removing stm32f0xx_hal_flash_ex.o(i.HAL_FLASHEx_OBGetConfig), (36 bytes).
    Removing stm32f0xx_hal_flash_ex.o(i.HAL_FLASHEx_OBProgram), (164 bytes).
    Removing stm32f0xx_hal_dma.o(.rev16_text), (4 bytes).
    Removing stm32f0xx_hal_dma.o(.revsh_text), (4 bytes).
    Removing stm32f0xx_hal_dma.o(i.HAL_DMA_Abort), (76 bytes).
    Removing stm32f0xx_hal_dma.o(i.HAL_DMA_DeInit), (216 bytes).
    Removing stm32f0xx_hal_dma.o(i.HAL_DMA_GetError), (4 bytes).
    Removing stm32f0xx_hal_dma.o(i.HAL_DMA_GetState), (6 bytes).
    Removing stm32f0xx_hal_dma.o(i.HAL_DMA_PollForTransfer), (452 bytes).
    Removing stm32f0xx_hal_dma.o(i.HAL_DMA_Start), (50 bytes).
    Removing stm32f0xx_hal_tim_ex.o(.rev16_text), (4 bytes).
    Removing stm32f0xx_hal_tim_ex.o(.revsh_text), (4 bytes).
    Removing stm32f0xx_hal_tim_ex.o(i.HAL_TIMEx_ConfigBreakDeadTime), (60 bytes).
    Removing stm32f0xx_hal_tim_ex.o(i.HAL_TIMEx_ConfigCommutationEvent), (88 bytes).
    Removing stm32f0xx_hal_tim_ex.o(i.HAL_TIMEx_ConfigCommutationEvent_DMA), (120 bytes).
    Removing stm32f0xx_hal_tim_ex.o(i.HAL_TIMEx_ConfigCommutationEvent_IT), (98 bytes).
    Removing stm32f0xx_hal_tim_ex.o(i.HAL_TIMEx_HallSensor_DeInit), (52 bytes).
    Removing stm32f0xx_hal_tim_ex.o(i.HAL_TIMEx_HallSensor_GetState), (6 bytes).
    Removing stm32f0xx_hal_tim_ex.o(i.HAL_TIMEx_HallSensor_Init), (184 bytes).
    Removing stm32f0xx_hal_tim_ex.o(i.HAL_TIMEx_HallSensor_MspDeInit), (2 bytes).
    Removing stm32f0xx_hal_tim_ex.o(i.HAL_TIMEx_HallSensor_MspInit), (2 bytes).
    Removing stm32f0xx_hal_tim_ex.o(i.HAL_TIMEx_HallSensor_Start), (28 bytes).
    Removing stm32f0xx_hal_tim_ex.o(i.HAL_TIMEx_HallSensor_Start_DMA), (116 bytes).
    Removing stm32f0xx_hal_tim_ex.o(i.HAL_TIMEx_HallSensor_Start_IT), (38 bytes).
    Removing stm32f0xx_hal_tim_ex.o(i.HAL_TIMEx_HallSensor_Stop), (48 bytes).
    Removing stm32f0xx_hal_tim_ex.o(i.HAL_TIMEx_HallSensor_Stop_DMA), (60 bytes).
    Removing stm32f0xx_hal_tim_ex.o(i.HAL_TIMEx_HallSensor_Stop_IT), (60 bytes).
    Removing stm32f0xx_hal_tim_ex.o(i.HAL_TIMEx_OCN_Start), (38 bytes).
    Removing stm32f0xx_hal_tim_ex.o(i.HAL_TIMEx_OCN_Start_DMA), (232 bytes).
    Removing stm32f0xx_hal_tim_ex.o(i.HAL_TIMEx_OCN_Start_IT), (94 bytes).
    Removing stm32f0xx_hal_tim_ex.o(i.HAL_TIMEx_OCN_Stop), (76 bytes).
    Removing stm32f0xx_hal_tim_ex.o(i.HAL_TIMEx_OCN_Stop_DMA), (136 bytes).
    Removing stm32f0xx_hal_tim_ex.o(i.HAL_TIMEx_OCN_Stop_IT), (136 bytes).
    Removing stm32f0xx_hal_tim_ex.o(i.HAL_TIMEx_OnePulseN_Start), (28 bytes).
    Removing stm32f0xx_hal_tim_ex.o(i.HAL_TIMEx_OnePulseN_Start_IT), (48 bytes).
    Removing stm32f0xx_hal_tim_ex.o(i.HAL_TIMEx_OnePulseN_Stop), (76 bytes).
    Removing stm32f0xx_hal_tim_ex.o(i.HAL_TIMEx_OnePulseN_Stop_IT), (96 bytes).
    Removing stm32f0xx_hal_tim_ex.o(i.HAL_TIMEx_PWMN_Start), (38 bytes).
    Removing stm32f0xx_hal_tim_ex.o(i.HAL_TIMEx_PWMN_Start_DMA), (232 bytes).
    Removing stm32f0xx_hal_tim_ex.o(i.HAL_TIMEx_PWMN_Start_IT), (94 bytes).
    Removing stm32f0xx_hal_tim_ex.o(i.HAL_TIMEx_PWMN_Stop), (76 bytes).
    Removing stm32f0xx_hal_tim_ex.o(i.HAL_TIMEx_PWMN_Stop_DMA), (136 bytes).
    Removing stm32f0xx_hal_tim_ex.o(i.HAL_TIMEx_PWMN_Stop_IT), (136 bytes).
    Removing stm32f0xx_hal_tim_ex.o(i.HAL_TIMEx_RemapConfig), (30 bytes).
    Removing stm32f0xx_hal_tim_ex.o(i.TIMEx_DMACommutationCplt), (16 bytes).
    Removing stm32f0xx_hal_tim_ex.o(i.TIM_CCxNChannelCmd), (22 bytes).
    Removing stm32f0xx_hal.o(.rev16_text), (4 bytes).
    Removing stm32f0xx_hal.o(.revsh_text), (4 bytes).
    Removing stm32f0xx_hal.o(i.HAL_DBGMCU_DisableDBGStandbyMode), (16 bytes).
    Removing stm32f0xx_hal.o(i.HAL_DBGMCU_DisableDBGStopMode), (16 bytes).
    Removing stm32f0xx_hal.o(i.HAL_DBGMCU_EnableDBGStandbyMode), (16 bytes).
    Removing stm32f0xx_hal.o(i.HAL_DBGMCU_EnableDBGStopMode), (16 bytes).
    Removing stm32f0xx_hal.o(i.HAL_DeInit), (36 bytes).
    Removing stm32f0xx_hal.o(i.HAL_GetDEVID), (16 bytes).
    Removing stm32f0xx_hal.o(i.HAL_GetHalVersion), (8 bytes).
    Removing stm32f0xx_hal.o(i.HAL_GetREVID), (12 bytes).
    Removing stm32f0xx_hal.o(i.HAL_IncTick), (16 bytes).
    Removing stm32f0xx_hal.o(i.HAL_MspDeInit), (2 bytes).
    Removing stm32f0xx_hal.o(i.HAL_MspInit), (2 bytes).
    Removing stm32f0xx_hal.o(i.HAL_ResumeTick), (16 bytes).
    Removing stm32f0xx_hal.o(i.HAL_SuspendTick), (16 bytes).
    Removing stm32f0xx_hal_uart_ex.o(.rev16_text), (4 bytes).
    Removing stm32f0xx_hal_uart_ex.o(.revsh_text), (4 bytes).
    Removing stm32f0xx_hal_uart_ex.o(i.HAL_MultiProcessorEx_AddressLength_Set), (54 bytes).
    Removing stm32f0xx_hal_uart_ex.o(i.HAL_RS485Ex_Init), (144 bytes).
    Removing stm32f0xx_hal_flash.o(.rev16_text), (4 bytes).
    Removing stm32f0xx_hal_flash.o(.revsh_text), (4 bytes).
    Removing stm32f0xx_hal_flash.o(i.FLASH_Program_HalfWord), (32 bytes).
    Removing stm32f0xx_hal_flash.o(i.FLASH_SetErrorCode), (48 bytes).
    Removing stm32f0xx_hal_flash.o(i.FLASH_WaitForLastOperation), (80 bytes).
    Removing stm32f0xx_hal_flash.o(i.HAL_FLASH_EndOfOperationCallback), (2 bytes).
    Removing stm32f0xx_hal_flash.o(i.HAL_FLASH_GetError), (12 bytes).
    Removing stm32f0xx_hal_flash.o(i.HAL_FLASH_IRQHandler), (252 bytes).
    Removing stm32f0xx_hal_flash.o(i.HAL_FLASH_Lock), (20 bytes).
    Removing stm32f0xx_hal_flash.o(i.HAL_FLASH_OB_Launch), (32 bytes).
    Removing stm32f0xx_hal_flash.o(i.HAL_FLASH_OB_Lock), (20 bytes).
    Removing stm32f0xx_hal_flash.o(i.HAL_FLASH_OB_Unlock), (36 bytes).
    Removing stm32f0xx_hal_flash.o(i.HAL_FLASH_OperationErrorCallback), (2 bytes).
    Removing stm32f0xx_hal_flash.o(i.HAL_FLASH_Program), (124 bytes).
    Removing stm32f0xx_hal_flash.o(i.HAL_FLASH_Program_IT), (100 bytes).
    Removing stm32f0xx_hal_flash.o(i.HAL_FLASH_Unlock), (36 bytes).
    Removing stm32f0xx_hal_flash.o(.bss), (32 bytes).
    Removing stm32f0xx_hal_crc_ex.o(.rev16_text), (4 bytes).
    Removing stm32f0xx_hal_crc_ex.o(.revsh_text), (4 bytes).
    Removing stm32f0xx_hal_crc_ex.o(i.HAL_CRCEx_Input_Data_Reverse), (26 bytes).
    Removing stm32f0xx_hal_crc_ex.o(i.HAL_CRCEx_Output_Data_Reverse), (26 bytes).
    Removing stm32f0xx_hal_crc.o(.rev16_text), (4 bytes).
    Removing stm32f0xx_hal_crc.o(.revsh_text), (4 bytes).
    Removing stm32f0xx_hal_crc.o(i.CRC_Handle_16), (56 bytes).
    Removing stm32f0xx_hal_crc.o(i.CRC_Handle_8), (128 bytes).
    Removing stm32f0xx_hal_crc.o(i.HAL_CRC_Accumulate), (88 bytes).
    Removing stm32f0xx_hal_crc.o(i.HAL_CRC_Calculate), (96 bytes).
    Removing stm32f0xx_hal_crc.o(i.HAL_CRC_DeInit), (34 bytes).
    Removing stm32f0xx_hal_crc.o(i.HAL_CRC_GetState), (4 bytes).
    Removing stm32f0xx_hal_crc.o(i.HAL_CRC_MspDeInit), (2 bytes).
    Removing stm32f0xx_hal_crc.o(i.HAL_CRC_MspInit), (2 bytes).
    Removing stm32f0xx_hal_i2c_ex.o(.rev16_text), (4 bytes).
    Removing stm32f0xx_hal_i2c_ex.o(.revsh_text), (4 bytes).
    Removing stm32f0xx_hal_i2c_ex.o(i.HAL_I2CEx_ConfigDigitalFilter), (94 bytes).
    Removing stm32f0xx_hal_i2c_ex.o(i.HAL_I2CEx_DisableFastModePlus), (36 bytes).
    Removing stm32f0xx_hal_i2c_ex.o(i.HAL_I2CEx_EnableFastModePlus), (36 bytes).
    Removing heap_4.o(i.vPortInitialiseBlocks), (2 bytes).
    Removing heap_4.o(i.xPortGetFreeHeapSize), (12 bytes).
    Removing heap_4.o(i.xPortGetMinimumEverFreeHeapSize), (12 bytes).
    Removing port.o(i.vPortEndScheduler), (24 bytes).
    Removing list.o(i.vListInsert), (48 bytes).
    Removing cmsis_os.o(i.inHandlerMode), (12 bytes).
    Removing cmsis_os.o(i.makeCmsisPriority), (14 bytes).
    Removing cmsis_os.o(i.osDelay), (16 bytes).
    Removing cmsis_os.o(i.osDelayUntil), (4 bytes).
    Removing cmsis_os.o(i.osKernelRunning), (18 bytes).
    Removing cmsis_os.o(i.osKernelSysTick), (22 bytes).
    Removing cmsis_os.o(i.osMailAlloc), (14 bytes).
    Removing cmsis_os.o(i.osMailCAlloc), (24 bytes).
    Removing cmsis_os.o(i.osMailCreate), (92 bytes).
    Removing cmsis_os.o(i.osMailFree), (18 bytes).
    Removing cmsis_os.o(i.osMailGet), (140 bytes).
    Removing cmsis_os.o(i.osMailPut), (88 bytes).
    Removing cmsis_os.o(i.osMessageCreate), (12 bytes).
    Removing cmsis_os.o(i.osMessageGet), (144 bytes).
    Removing cmsis_os.o(i.osMessagePeek), (78 bytes).
    Removing cmsis_os.o(i.osMessagePut), (88 bytes).
    Removing cmsis_os.o(i.osMutexCreate), (10 bytes).
    Removing cmsis_os.o(i.osMutexDelete), (26 bytes).
    Removing cmsis_os.o(i.osMutexRelease), (76 bytes).
    Removing cmsis_os.o(i.osMutexWait), (104 bytes).
    Removing cmsis_os.o(i.osPoolAlloc), (100 bytes).
    Removing cmsis_os.o(i.osPoolCAlloc), (20 bytes).
    Removing cmsis_os.o(i.osPoolCreate), (94 bytes).
    Removing cmsis_os.o(i.osPoolFree), (48 bytes).
    Removing cmsis_os.o(i.osRecursiveMutexCreate), (10 bytes).
    Removing cmsis_os.o(i.osRecursiveMutexRelease), (18 bytes).
    Removing cmsis_os.o(i.osRecursiveMutexWait), (46 bytes).
    Removing cmsis_os.o(i.osSemaphoreCreate), (44 bytes).
    Removing cmsis_os.o(i.osSemaphoreDelete), (26 bytes).
    Removing cmsis_os.o(i.osSemaphoreRelease), (76 bytes).
    Removing cmsis_os.o(i.osSemaphoreWait), (104 bytes).
    Removing cmsis_os.o(i.osSignalSet), (80 bytes).
    Removing cmsis_os.o(i.osSignalWait), (94 bytes).
    Removing cmsis_os.o(i.osThreadGetId), (8 bytes).
    Removing cmsis_os.o(i.osThreadGetPriority), (30 bytes).
    Removing cmsis_os.o(i.osThreadList), (4 bytes).
    Removing cmsis_os.o(i.osThreadResume), (44 bytes).
    Removing cmsis_os.o(i.osThreadResumeAll), (18 bytes).
    Removing cmsis_os.o(i.osThreadSetPriority), (22 bytes).
    Removing cmsis_os.o(i.osThreadSuspend), (10 bytes).
    Removing cmsis_os.o(i.osThreadSuspendAll), (10 bytes).
    Removing cmsis_os.o(i.osThreadTerminate), (10 bytes).
    Removing cmsis_os.o(i.osThreadYield), (10 bytes).
    Removing cmsis_os.o(i.osTimerCreate), (4 bytes).
    Removing cmsis_os.o(i.osTimerDelete), (4 bytes).
    Removing cmsis_os.o(i.osTimerStart), (4 bytes).
    Removing cmsis_os.o(i.osTimerStop), (4 bytes).
    Removing queue.o(i.prvCopyDataFromQueue), (38 bytes).
    Removing queue.o(i.prvCopyDataToQueue), (118 bytes).
    Removing queue.o(i.prvUnlockQueue), (106 bytes).
    Removing queue.o(i.ucQueueGetQueueType), (6 bytes).
    Removing queue.o(i.uxQueueGetQueueNumber), (4 bytes).
    Removing queue.o(i.uxQueueMessagesWaiting), (24 bytes).
    Removing queue.o(i.uxQueueMessagesWaitingFromISR), (12 bytes).
    Removing queue.o(i.uxQueueSpacesAvailable), (28 bytes).
    Removing queue.o(i.vQueueAddToRegistry), (36 bytes).
    Removing queue.o(i.vQueueDelete), (22 bytes).
    Removing queue.o(i.vQueueSetQueueNumber), (4 bytes).
    Removing queue.o(i.vQueueUnregisterQueue), (36 bytes).
    Removing queue.o(i.xQueueCreateCountingSemaphore), (40 bytes).
    Removing queue.o(i.xQueueCreateMutex), (78 bytes).
    Removing queue.o(i.xQueueGenericCreate), (76 bytes).
    Removing queue.o(i.xQueueGenericReceive), (314 bytes).
    Removing queue.o(i.xQueueGenericReset), (106 bytes).
    Removing queue.o(i.xQueueGenericSend), (278 bytes).
    Removing queue.o(i.xQueueGenericSendFromISR), (130 bytes).
    Removing queue.o(i.xQueueGiveFromISR), (114 bytes).
    Removing queue.o(i.xQueueGiveMutexRecursive), (50 bytes).
    Removing queue.o(i.xQueueIsQueueEmptyFromISR), (22 bytes).
    Removing queue.o(i.xQueueIsQueueFullFromISR), (24 bytes).
    Removing queue.o(i.xQueuePeekFromISR), (76 bytes).
    Removing queue.o(i.xQueueReceiveFromISR), (112 bytes).
    Removing queue.o(i.xQueueTakeMutexRecursive), (56 bytes).
    Removing queue.o(.bss), (64 bytes).
    Removing tasks.o(i.prvAddCurrentTaskToDelayedList), (52 bytes).
    Removing tasks.o(i.prvListTaskWithinSingleList), (136 bytes).
    Removing tasks.o(i.prvTaskIsTaskSuspended), (44 bytes).
    Removing tasks.o(i.pvTaskIncrementMutexHeldCount), (24 bytes).
    Removing tasks.o(i.ulTaskNotifyTake), (124 bytes).
    Removing tasks.o(i.uxTaskGetNumberOfTasks), (12 bytes).
    Removing tasks.o(i.uxTaskGetSystemState), (136 bytes).
    Removing tasks.o(i.uxTaskGetTaskNumber), (8 bytes).
    Removing tasks.o(i.uxTaskPriorityGet), (32 bytes).
    Removing tasks.o(i.uxTaskPriorityGetFromISR), (32 bytes).
    Removing tasks.o(i.uxTaskResetEventItemValue), (24 bytes).
    Removing tasks.o(i.vTaskDelay), (60 bytes).
    Removing tasks.o(i.vTaskDelete), (112 bytes).
    Removing tasks.o(i.vTaskEndScheduler), (20 bytes).
    Removing tasks.o(i.vTaskMissedYield), (12 bytes).
    Removing tasks.o(i.vTaskNotifyGiveFromISR), (136 bytes).
    Removing tasks.o(i.vTaskPlaceOnEventList), (64 bytes).
    Removing tasks.o(i.vTaskPlaceOnUnorderedEventList), (84 bytes).
    Removing tasks.o(i.vTaskPriorityInherit), (100 bytes).
    Removing tasks.o(i.vTaskPrioritySet), (148 bytes).
    Removing tasks.o(i.vTaskResume), (92 bytes).
    Removing tasks.o(i.vTaskSetTaskNumber), (8 bytes).
    Removing tasks.o(i.vTaskSetTimeOutState), (24 bytes).
    Removing tasks.o(i.vTaskSuspend), (124 bytes).
    Removing tasks.o(i.xTaskCheckForTimeOut), (84 bytes).
    Removing tasks.o(i.xTaskGenericNotify), (164 bytes).
    Removing tasks.o(i.xTaskGetCurrentTaskHandle), (12 bytes).
    Removing tasks.o(i.xTaskGetTickCount), (12 bytes).
    Removing tasks.o(i.xTaskGetTickCountFromISR), (12 bytes).
    Removing tasks.o(i.xTaskNotifyFromISR), (180 bytes).
    Removing tasks.o(i.xTaskNotifyWait), (152 bytes).
    Removing tasks.o(i.xTaskPriorityDisinherit), (104 bytes).
    Removing tasks.o(i.xTaskRemoveFromEventList), (100 bytes).
    Removing tasks.o(i.xTaskRemoveFromUnorderedEventList), (96 bytes).
    Removing tasks.o(i.xTaskResumeFromISR), (108 bytes).
    Removing event_groups.o(i.prvTestWaitCondition), (22 bytes).
    Removing event_groups.o(i.uxEventGroupGetNumber), (8 bytes).
    Removing event_groups.o(i.vEventGroupClearBitsCallback), (8 bytes).
    Removing event_groups.o(i.vEventGroupDelete), (54 bytes).
    Removing event_groups.o(i.vEventGroupSetBitsCallback), (8 bytes).
    Removing event_groups.o(i.xEventGroupClearBits), (40 bytes).
    Removing event_groups.o(i.xEventGroupCreate), (26 bytes).
    Removing event_groups.o(i.xEventGroupGetBitsFromISR), (18 bytes).
    Removing event_groups.o(i.xEventGroupSetBits), (116 bytes).
    Removing event_groups.o(i.xEventGroupSync), (164 bytes).
    Removing event_groups.o(i.xEventGroupWaitBits), (204 bytes).
    Removing startup_stm32f030x8.o(HEAP), (512 bytes).
    Removing dadd.o(.text), (356 bytes).
    Removing dmul.o(.text), (208 bytes).
    Removing ddiv.o(.text), (240 bytes).
    Removing dfixul.o(.text), (64 bytes).
    Removing cdrcmple.o(.text), (40 bytes).
    Removing depilogue.o(.text), (190 bytes).
    Removing stm32f0xx_hal_tim.o(i.__ARM_common_switch8), (26 bytes).
    Removing depilogue.o(i.__ARM_clz), (46 bytes).

478 unused section(s) (total 33900 bytes) removed from the image.

==============================================================================

Image Symbol Table

    Local Symbols

    Symbol Name                              Value     Ov Type        Size  Object(Section)

    ../Drivers/CMSIS/Device/ST/STM32F0xx/Source/Templates/arm/startup_stm32f030x8.s 0x00000000   Number         0  startup_stm32f030x8.o ABSOLUTE
    ../Drivers/CMSIS/Device/ST/STM32F0xx/Source/Templates/system_stm32f0xx.c 0x00000000   Number         0  system_stm32f0xx.o ABSOLUTE
    ../Drivers/STM32F0xx_HAL_Driver/Src/stm32f0xx_hal.c 0x00000000   Number         0  stm32f0xx_hal.o ABSOLUTE
    ../Drivers/STM32F0xx_HAL_Driver/Src/stm32f0xx_hal_cortex.c 0x00000000   Number         0  stm32f0xx_hal_cortex.o ABSOLUTE
    ../Drivers/STM32F0xx_HAL_Driver/Src/stm32f0xx_hal_crc.c 0x00000000   Number         0  stm32f0xx_hal_crc.o ABSOLUTE
    ../Drivers/STM32F0xx_HAL_Driver/Src/stm32f0xx_hal_crc_ex.c 0x00000000   Number         0  stm32f0xx_hal_crc_ex.o ABSOLUTE
    ../Drivers/STM32F0xx_HAL_Driver/Src/stm32f0xx_hal_dma.c 0x00000000   Number         0  stm32f0xx_hal_dma.o ABSOLUTE
    ../Drivers/STM32F0xx_HAL_Driver/Src/stm32f0xx_hal_flash.c 0x00000000   Number         0  stm32f0xx_hal_flash.o ABSOLUTE
    ../Drivers/STM32F0xx_HAL_Driver/Src/stm32f0xx_hal_flash_ex.c 0x00000000   Number         0  stm32f0xx_hal_flash_ex.o ABSOLUTE
    ../Drivers/STM32F0xx_HAL_Driver/Src/stm32f0xx_hal_gpio.c 0x00000000   Number         0  stm32f0xx_hal_gpio.o ABSOLUTE
    ../Drivers/STM32F0xx_HAL_Driver/Src/stm32f0xx_hal_i2c.c 0x00000000   Number         0  stm32f0xx_hal_i2c.o ABSOLUTE
    ../Drivers/STM32F0xx_HAL_Driver/Src/stm32f0xx_hal_i2c_ex.c 0x00000000   Number         0  stm32f0xx_hal_i2c_ex.o ABSOLUTE
    ../Drivers/STM32F0xx_HAL_Driver/Src/stm32f0xx_hal_pwr.c 0x00000000   Number         0  stm32f0xx_hal_pwr.o ABSOLUTE
    ../Drivers/STM32F0xx_HAL_Driver/Src/stm32f0xx_hal_pwr_ex.c 0x00000000   Number         0  stm32f0xx_hal_pwr_ex.o ABSOLUTE
    ../Drivers/STM32F0xx_HAL_Driver/Src/stm32f0xx_hal_rcc.c 0x00000000   Number         0  stm32f0xx_hal_rcc.o ABSOLUTE
    ../Drivers/STM32F0xx_HAL_Driver/Src/stm32f0xx_hal_rcc_ex.c 0x00000000   Number         0  stm32f0xx_hal_rcc_ex.o ABSOLUTE
    ../Drivers/STM32F0xx_HAL_Driver/Src/stm32f0xx_hal_tim.c 0x00000000   Number         0  stm32f0xx_hal_tim.o ABSOLUTE
    ../Drivers/STM32F0xx_HAL_Driver/Src/stm32f0xx_hal_tim_ex.c 0x00000000   Number         0  stm32f0xx_hal_tim_ex.o ABSOLUTE
    ../Drivers/STM32F0xx_HAL_Driver/Src/stm32f0xx_hal_uart.c 0x00000000   Number         0  stm32f0xx_hal_uart.o ABSOLUTE
    ../Drivers/STM32F0xx_HAL_Driver/Src/stm32f0xx_hal_uart_ex.c 0x00000000   Number         0  stm32f0xx_hal_uart_ex.o ABSOLUTE
    ../Middlewares/Third_Party/FreeRTOS/Source/CMSIS_RTOS/cmsis_os.c 0x00000000   Number         0  cmsis_os.o ABSOLUTE
    ../Middlewares/Third_Party/FreeRTOS/Source/croutine.c 0x00000000   Number         0  croutine.o ABSOLUTE
    ../Middlewares/Third_Party/FreeRTOS/Source/event_groups.c 0x00000000   Number         0  event_groups.o ABSOLUTE
    ../Middlewares/Third_Party/FreeRTOS/Source/list.c 0x00000000   Number         0  list.o ABSOLUTE
    ../Middlewares/Third_Party/FreeRTOS/Source/portable/MemMang/heap_4.c 0x00000000   Number         0  heap_4.o ABSOLUTE
    ../Middlewares/Third_Party/FreeRTOS/Source/portable/RVDS/ARM_CM0/port.c 0x00000000   Number         0  port.o ABSOLUTE
    ../Middlewares/Third_Party/FreeRTOS/Source/queue.c 0x00000000   Number         0  queue.o ABSOLUTE
    ../Middlewares/Third_Party/FreeRTOS/Source/tasks.c 0x00000000   Number         0  tasks.o ABSOLUTE
    ../Middlewares/Third_Party/FreeRTOS/Source/timers.c 0x00000000   Number         0  timers.o ABSOLUTE
    ../Src/freertos.c                        0x00000000   Number         0  freertos.o ABSOLUTE
    ../Src/main.c                            0x00000000   Number         0  main.o ABSOLUTE
    ../Src/stm32f0xx_hal_msp.c               0x00000000   Number         0  stm32f0xx_hal_msp.o ABSOLUTE
    ../Src/stm32f0xx_it.c                    0x00000000   Number         0  stm32f0xx_it.o ABSOLUTE
    ../clib/microlib/division.c              0x00000000   Number         0  uldiv.o ABSOLUTE
    ../clib/microlib/division.c              0x00000000   Number         0  uidiv.o ABSOLUTE
    ../clib/microlib/init/entry.s            0x00000000   Number         0  entry10b.o ABSOLUTE
    ../clib/microlib/init/entry.s            0x00000000   Number         0  entry11a.o ABSOLUTE
    ../clib/microlib/init/entry.s            0x00000000   Number         0  entry8a.o ABSOLUTE
    ../clib/microlib/init/entry.s            0x00000000   Number         0  entry10a.o ABSOLUTE
    ../clib/microlib/init/entry.s            0x00000000   Number         0  entry7b.o ABSOLUTE
    ../clib/microlib/init/entry.s            0x00000000   Number         0  entry9b.o ABSOLUTE
    ../clib/microlib/init/entry.s            0x00000000   Number         0  entry.o ABSOLUTE
    ../clib/microlib/init/entry.s            0x00000000   Number         0  entry9a.o ABSOLUTE
    ../clib/microlib/init/entry.s            0x00000000   Number         0  entry2.o ABSOLUTE
    ../clib/microlib/init/entry.s            0x00000000   Number         0  entry7a.o ABSOLUTE
    ../clib/microlib/init/entry.s            0x00000000   Number         0  entry11b.o ABSOLUTE
    ../clib/microlib/init/entry.s            0x00000000   Number         0  entry8b.o ABSOLUTE
    ../clib/microlib/init/entry.s            0x00000000   Number         0  entry5.o ABSOLUTE
    ../clib/microlib/longlong.c              0x00000000   Number         0  llshl.o ABSOLUTE
    ../clib/microlib/longlong.c              0x00000000   Number         0  llushr.o ABSOLUTE
    ../clib/microlib/longlong.c              0x00000000   Number         0  llsshr.o ABSOLUTE
    ../clib/microlib/printf/printf.c         0x00000000   Number         0  printf5.o ABSOLUTE
    ../clib/microlib/printf/printf.c         0x00000000   Number         0  printf6.o ABSOLUTE
    ../clib/microlib/printf/printf.c         0x00000000   Number         0  printf7.o ABSOLUTE
    ../clib/microlib/printf/printf.c         0x00000000   Number         0  printf8.o ABSOLUTE
    ../clib/microlib/printf/printf.c         0x00000000   Number         0  printfa.o ABSOLUTE
    ../clib/microlib/printf/printf.c         0x00000000   Number         0  printfb.o ABSOLUTE
    ../clib/microlib/printf/printf.c         0x00000000   Number         0  printf0.o ABSOLUTE
    ../clib/microlib/printf/printf.c         0x00000000   Number         0  printf1.o ABSOLUTE
    ../clib/microlib/printf/printf.c         0x00000000   Number         0  printf2.o ABSOLUTE
    ../clib/microlib/printf/printf.c         0x00000000   Number         0  printf3.o ABSOLUTE
    ../clib/microlib/printf/printf.c         0x00000000   Number         0  printf4.o ABSOLUTE
    ../clib/microlib/stdio/streams.c         0x00000000   Number         0  stdout.o ABSOLUTE
    ../clib/microlib/string/memcpy.c         0x00000000   Number         0  memcpyb.o ABSOLUTE
    ../clib/microlib/string/memcpy.c         0x00000000   Number         0  memcpya.o ABSOLUTE
    ../clib/microlib/string/memset.c         0x00000000   Number         0  memseta.o ABSOLUTE
    ../clib/microlib/stubs.s                 0x00000000   Number         0  iusefp.o ABSOLUTE
    ../clib/microlib/unhosted.c              0x00000000   Number         0  uread4.o ABSOLUTE
    ../fplib/microlib/fpadd.c                0x00000000   Number         0  dadd.o ABSOLUTE
    ../fplib/microlib/fpdiv.c                0x00000000   Number         0  ddiv.o ABSOLUTE
    ../fplib/microlib/fpepilogue.c           0x00000000   Number         0  depilogue.o ABSOLUTE
    ../fplib/microlib/fpfix.c                0x00000000   Number         0  dfixul.o ABSOLUTE
    ../fplib/microlib/fpmul.c                0x00000000   Number         0  dmul.o ABSOLUTE
    ..\Drivers\CMSIS\Device\ST\STM32F0xx\Source\Templates\system_stm32f0xx.c 0x00000000   Number         0  system_stm32f0xx.o ABSOLUTE
    ..\Drivers\STM32F0xx_HAL_Driver\Src\stm32f0xx_hal.c 0x00000000   Number         0  stm32f0xx_hal.o ABSOLUTE
    ..\Drivers\STM32F0xx_HAL_Driver\Src\stm32f0xx_hal_cortex.c 0x00000000   Number         0  stm32f0xx_hal_cortex.o ABSOLUTE
    ..\Drivers\STM32F0xx_HAL_Driver\Src\stm32f0xx_hal_crc.c 0x00000000   Number         0  stm32f0xx_hal_crc.o ABSOLUTE
    ..\Drivers\STM32F0xx_HAL_Driver\Src\stm32f0xx_hal_crc_ex.c 0x00000000   Number         0  stm32f0xx_hal_crc_ex.o ABSOLUTE
    ..\Drivers\STM32F0xx_HAL_Driver\Src\stm32f0xx_hal_dma.c 0x00000000   Number         0  stm32f0xx_hal_dma.o ABSOLUTE
    ..\Drivers\STM32F0xx_HAL_Driver\Src\stm32f0xx_hal_flash.c 0x00000000   Number         0  stm32f0xx_hal_flash.o ABSOLUTE
    ..\Drivers\STM32F0xx_HAL_Driver\Src\stm32f0xx_hal_flash_ex.c 0x00000000   Number         0  stm32f0xx_hal_flash_ex.o ABSOLUTE
    ..\Drivers\STM32F0xx_HAL_Driver\Src\stm32f0xx_hal_gpio.c 0x00000000   Number         0  stm32f0xx_hal_gpio.o ABSOLUTE
    ..\Drivers\STM32F0xx_HAL_Driver\Src\stm32f0xx_hal_i2c.c 0x00000000   Number         0  stm32f0xx_hal_i2c.o ABSOLUTE
    ..\Drivers\STM32F0xx_HAL_Driver\Src\stm32f0xx_hal_i2c_ex.c 0x00000000   Number         0  stm32f0xx_hal_i2c_ex.o ABSOLUTE
    ..\Drivers\STM32F0xx_HAL_Driver\Src\stm32f0xx_hal_pwr.c 0x00000000   Number         0  stm32f0xx_hal_pwr.o ABSOLUTE
    ..\Drivers\STM32F0xx_HAL_Driver\Src\stm32f0xx_hal_pwr_ex.c 0x00000000   Number         0  stm32f0xx_hal_pwr_ex.o ABSOLUTE
    ..\Drivers\STM32F0xx_HAL_Driver\Src\stm32f0xx_hal_rcc.c 0x00000000   Number         0  stm32f0xx_hal_rcc.o ABSOLUTE
    ..\Drivers\STM32F0xx_HAL_Driver\Src\stm32f0xx_hal_rcc_ex.c 0x00000000   Number         0  stm32f0xx_hal_rcc_ex.o ABSOLUTE
    ..\Drivers\STM32F0xx_HAL_Driver\Src\stm32f0xx_hal_tim.c 0x00000000   Number         0  stm32f0xx_hal_tim.o ABSOLUTE
    ..\Drivers\STM32F0xx_HAL_Driver\Src\stm32f0xx_hal_tim_ex.c 0x00000000   Number         0  stm32f0xx_hal_tim_ex.o ABSOLUTE
    ..\Drivers\STM32F0xx_HAL_Driver\Src\stm32f0xx_hal_uart.c 0x00000000   Number         0  stm32f0xx_hal_uart.o ABSOLUTE
    ..\Drivers\STM32F0xx_HAL_Driver\Src\stm32f0xx_hal_uart_ex.c 0x00000000   Number         0  stm32f0xx_hal_uart_ex.o ABSOLUTE
    ..\Middlewares\Third_Party\FreeRTOS\Source\portable\RVDS\ARM_CM0\port.c 0x00000000   Number         0  port.o ABSOLUTE
    ..\Src\main.c                            0x00000000   Number         0  main.o ABSOLUTE
    ..\Src\stm32f0xx_hal_msp.c               0x00000000   Number         0  stm32f0xx_hal_msp.o ABSOLUTE
    ..\Src\stm32f0xx_it.c                    0x00000000   Number         0  stm32f0xx_it.o ABSOLUTE
    cdrcmple.s                               0x00000000   Number         0  cdrcmple.o ABSOLUTE
    dc.s                                     0x00000000   Number         0  dc.o ABSOLUTE
    handlers.s                               0x00000000   Number         0  handlers.o ABSOLUTE
    init.s                                   0x00000000   Number         0  init.o ABSOLUTE
    RESET                                    0x08000000   Section      180  startup_stm32f030x8.o(RESET)
    .ARM.Collect$$$$00000000                 0x080000b4   Section        0  entry.o(.ARM.Collect$$$$00000000)
    .ARM.Collect$$$$00000001                 0x080000b4   Section        4  entry2.o(.ARM.Collect$$$$00000001)
    .ARM.Collect$$$$00000004                 0x080000b8   Section        4  entry5.o(.ARM.Collect$$$$00000004)
    .ARM.Collect$$$$00000008                 0x080000bc   Section        0  entry7b.o(.ARM.Collect$$$$00000008)
    .ARM.Collect$$$$0000000A                 0x080000bc   Section        0  entry8b.o(.ARM.Collect$$$$0000000A)
    .ARM.Collect$$$$0000000B                 0x080000bc   Section        8  entry9a.o(.ARM.Collect$$$$0000000B)
    .ARM.Collect$$$$0000000D                 0x080000c4   Section        0  entry10a.o(.ARM.Collect$$$$0000000D)
    .ARM.Collect$$$$0000000F                 0x080000c4   Section        0  entry11a.o(.ARM.Collect$$$$0000000F)
    .ARM.Collect$$$$00002712                 0x080000c4   Section        4  entry2.o(.ARM.Collect$$$$00002712)
    __lit__00000000                          0x080000c4   Data           4  entry2.o(.ARM.Collect$$$$00002712)
    .emb_text                                0x080000c8   Section      112  port.o(.emb_text)
    .text                                    0x08000138   Section       28  startup_stm32f030x8.o(.text)
    .text                                    0x08000154   Section        0  uidiv.o(.text)
    .text                                    0x08000180   Section        0  memcpya.o(.text)
    .text                                    0x080001a4   Section        0  memseta.o(.text)
    .text                                    0x080001c8   Section       36  init.o(.text)
    i.DMA1_Channel2_3_IRQHandler             0x080001ec   Section        0  stm32f0xx_it.o(i.DMA1_Channel2_3_IRQHandler)
    i.DMA1_Channel4_5_IRQHandler             0x08000204   Section        0  stm32f0xx_it.o(i.DMA1_Channel4_5_IRQHandler)
    i.DMA_SetConfig                          0x0800021c   Section        0  stm32f0xx_hal_dma.o(i.DMA_SetConfig)
    DMA_SetConfig                            0x0800021d   Thumb Code    30  stm32f0xx_hal_dma.o(i.DMA_SetConfig)
    i.EXTI0_1_IRQHandler                     0x0800023a   Section        0  stm32f0xx_it.o(i.EXTI0_1_IRQHandler)
    i.Error_Handler                          0x08000244   Section        0  main.o(i.Error_Handler)
    Error_Handler                            0x08000245   Thumb Code    34  main.o(i.Error_Handler)
    i.HAL_CRCEx_Init                         0x0800026c   Section        0  stm32f0xx_hal_crc_ex.o(i.HAL_CRCEx_Init)
    i.HAL_CRC_Init                           0x08000270   Section        0  stm32f0xx_hal_crc.o(i.HAL_CRC_Init)
    i.HAL_CRC_MspInit                        0x080002cc   Section        0  stm32f0xx_hal_msp.o(i.HAL_CRC_MspInit)
    i.HAL_DMA_IRQHandler                     0x080002f0   Section        0  stm32f0xx_hal_dma.o(i.HAL_DMA_IRQHandler)
    i.HAL_DMA_Init                           0x080004cc   Section        0  stm32f0xx_hal_dma.o(i.HAL_DMA_Init)
    i.HAL_DMA_Start_IT                       0x08000520   Section        0  stm32f0xx_hal_dma.o(i.HAL_DMA_Start_IT)
    i.HAL_Delay                              0x0800056e   Section        0  stm32f0xx_hal.o(i.HAL_Delay)
    i.HAL_GPIO_EXTI_Callback                 0x08000584   Section        0  main.o(i.HAL_GPIO_EXTI_Callback)
    i.HAL_GPIO_EXTI_IRQHandler               0x08000594   Section        0  stm32f0xx_hal_gpio.o(i.HAL_GPIO_EXTI_IRQHandler)
    i.HAL_GPIO_Init                          0x080005ac   Section        0  stm32f0xx_hal_gpio.o(i.HAL_GPIO_Init)
    i.HAL_GPIO_TogglePin                     0x080006f4   Section        0  stm32f0xx_hal_gpio.o(i.HAL_GPIO_TogglePin)
    i.HAL_GPIO_WritePin                      0x080006fc   Section        0  stm32f0xx_hal_gpio.o(i.HAL_GPIO_WritePin)
    i.HAL_GetTick                            0x08000708   Section        0  stm32f0xx_hal.o(i.HAL_GetTick)
    i.HAL_I2CEx_ConfigAnalogFilter           0x08000714   Section        0  stm32f0xx_hal_i2c_ex.o(i.HAL_I2CEx_ConfigAnalogFilter)
    i.HAL_I2C_Init                           0x08000774   Section        0  stm32f0xx_hal_i2c.o(i.HAL_I2C_Init)
    i.HAL_I2C_MspInit                        0x08000818   Section        0  stm32f0xx_hal_msp.o(i.HAL_I2C_MspInit)
    i.HAL_Init                               0x08000860   Section        0  stm32f0xx_hal.o(i.HAL_Init)
    i.HAL_InitTick                           0x08000880   Section        0  stm32f0xx_hal.o(i.HAL_InitTick)
    i.HAL_MspInit                            0x080008a4   Section        0  stm32f0xx_hal_msp.o(i.HAL_MspInit)
    i.HAL_NVIC_EnableIRQ                     0x080008c8   Section        0  stm32f0xx_hal_cortex.o(i.HAL_NVIC_EnableIRQ)
    i.HAL_NVIC_SetPriority                   0x080008dc   Section        0  stm32f0xx_hal_cortex.o(i.HAL_NVIC_SetPriority)
    i.HAL_RCCEx_PeriphCLKConfig              0x080008e4   Section        0  stm32f0xx_hal_rcc_ex.o(i.HAL_RCCEx_PeriphCLKConfig)
    i.HAL_RCC_ClockConfig                    0x080009ac   Section        0  stm32f0xx_hal_rcc.o(i.HAL_RCC_ClockConfig)
    i.HAL_RCC_GetHCLKFreq                    0x08000b48   Section        0  stm32f0xx_hal_rcc.o(i.HAL_RCC_GetHCLKFreq)
    i.HAL_RCC_GetPCLK1Freq                   0x08000b70   Section        0  stm32f0xx_hal_rcc.o(i.HAL_RCC_GetPCLK1Freq)
    i.HAL_RCC_GetSysClockFreq                0x08000b90   Section        0  stm32f0xx_hal_rcc.o(i.HAL_RCC_GetSysClockFreq)
    i.HAL_RCC_OscConfig                      0x08000c08   Section        0  stm32f0xx_hal_rcc.o(i.HAL_RCC_OscConfig)
    i.HAL_SYSTICK_CLKSourceConfig            0x08000f90   Section        0  stm32f0xx_hal_cortex.o(i.HAL_SYSTICK_CLKSourceConfig)
    i.HAL_SYSTICK_Config                     0x08000fa8   Section        0  stm32f0xx_hal_cortex.o(i.HAL_SYSTICK_Config)
    i.HAL_TIMEx_BreakCallback                0x08000fd8   Section        0  stm32f0xx_hal_tim_ex.o(i.HAL_TIMEx_BreakCallback)
    i.HAL_TIMEx_CommutationCallback          0x08000fda   Section        0  stm32f0xx_hal_tim_ex.o(i.HAL_TIMEx_CommutationCallback)
    i.HAL_TIMEx_MasterConfigSynchronization  0x08000fdc   Section        0  stm32f0xx_hal_tim_ex.o(i.HAL_TIMEx_MasterConfigSynchronization)
    i.HAL_TIM_Base_Init                      0x08001024   Section        0  stm32f0xx_hal_tim.o(i.HAL_TIM_Base_Init)
    i.HAL_TIM_Base_MspInit                   0x08001058   Section        0  stm32f0xx_hal_msp.o(i.HAL_TIM_Base_MspInit)
    i.HAL_TIM_ConfigClockSource              0x0800108c   Section        0  stm32f0xx_hal_tim.o(i.HAL_TIM_ConfigClockSource)
    i.HAL_TIM_IC_CaptureCallback             0x0800117a   Section        0  stm32f0xx_hal_tim.o(i.HAL_TIM_IC_CaptureCallback)
    i.HAL_TIM_IRQHandler                     0x0800117c   Section        0  stm32f0xx_hal_tim.o(i.HAL_TIM_IRQHandler)
    i.HAL_TIM_OC_DelayElapsedCallback        0x080012de   Section        0  stm32f0xx_hal_tim.o(i.HAL_TIM_OC_DelayElapsedCallback)
    i.HAL_TIM_PWM_PulseFinishedCallback      0x080012e0   Section        0  stm32f0xx_hal_tim.o(i.HAL_TIM_PWM_PulseFinishedCallback)
    i.HAL_TIM_PeriodElapsedCallback          0x080012e4   Section        0  main.o(i.HAL_TIM_PeriodElapsedCallback)
    i.HAL_TIM_TriggerCallback                0x080012f0   Section        0  stm32f0xx_hal_tim.o(i.HAL_TIM_TriggerCallback)
    i.HAL_UART_ErrorCallback                 0x080012f2   Section        0  stm32f0xx_hal_uart.o(i.HAL_UART_ErrorCallback)
    i.HAL_UART_IRQHandler                    0x080012f4   Section        0  stm32f0xx_hal_uart_ex.o(i.HAL_UART_IRQHandler)
    i.HAL_UART_Init                          0x080013bc   Section        0  stm32f0xx_hal_uart.o(i.HAL_UART_Init)
    i.HAL_UART_MspInit                       0x08001428   Section        0  stm32f0xx_hal_msp.o(i.HAL_UART_MspInit)
    i.HAL_UART_Receive_DMA                   0x08001560   Section        0  stm32f0xx_hal_uart.o(i.HAL_UART_Receive_DMA)
    i.HAL_UART_RxCpltCallback                0x080015e4   Section        0  main.o(i.HAL_UART_RxCpltCallback)
    i.HAL_UART_RxHalfCpltCallback            0x08001670   Section        0  stm32f0xx_hal_uart.o(i.HAL_UART_RxHalfCpltCallback)
    i.HAL_UART_Transmit                      0x08001672   Section        0  stm32f0xx_hal_uart.o(i.HAL_UART_Transmit)
    i.HAL_UART_Transmit_DMA                  0x0800172c   Section        0  stm32f0xx_hal_uart.o(i.HAL_UART_Transmit_DMA)
    i.HAL_UART_TxCpltCallback                0x080017b8   Section        0  main.o(i.HAL_UART_TxCpltCallback)
    i.HAL_UART_TxHalfCpltCallback            0x08001820   Section        0  stm32f0xx_hal_uart.o(i.HAL_UART_TxHalfCpltCallback)
    i.MX_GPIO_Init                           0x08001824   Section        0  main.o(i.MX_GPIO_Init)
    MX_GPIO_Init                             0x08001825   Thumb Code   146  main.o(i.MX_GPIO_Init)
    i.MX_I2C1_Init                           0x080018d0   Section        0  main.o(i.MX_I2C1_Init)
    MX_I2C1_Init                             0x080018d1   Thumb Code    44  main.o(i.MX_I2C1_Init)
    i.MX_USART1_UART_Init                    0x08001908   Section        0  main.o(i.MX_USART1_UART_Init)
    MX_USART1_UART_Init                      0x08001909   Thumb Code    40  main.o(i.MX_USART1_UART_Init)
    i.MX_USART2_UART_Init                    0x08001938   Section        0  main.o(i.MX_USART2_UART_Init)
    MX_USART2_UART_Init                      0x08001939   Thumb Code    40  main.o(i.MX_USART2_UART_Init)
    i.NVIC_SetPriority                       0x08001968   Section        0  stm32f0xx_hal_cortex.o(i.NVIC_SetPriority)
    NVIC_SetPriority                         0x08001969   Thumb Code    60  stm32f0xx_hal_cortex.o(i.NVIC_SetPriority)
    i.SVC_Handler                            0x080019ac   Section        0  port.o(i.SVC_Handler)
    i.StartEasyDriveTask                     0x080019b0   Section        0  main.o(i.StartEasyDriveTask)
    i.StartUartTask                          0x08001a24   Section        0  main.o(i.StartUartTask)
    i.SysTick_Handler                        0x08001ad8   Section        0  stm32f0xx_it.o(i.SysTick_Handler)
    i.SystemClock_Config                     0x08001ae0   Section        0  main.o(i.SystemClock_Config)
    i.SystemInit                             0x08001b48   Section        0  system_stm32f0xx.o(i.SystemInit)
    i.TIM3_IRQHandler                        0x08001ba4   Section        0  stm32f0xx_it.o(i.TIM3_IRQHandler)
    i.TIM_Base_SetConfig                     0x08001bb4   Section        0  stm32f0xx_hal_tim.o(i.TIM_Base_SetConfig)
    i.TIM_ETR_SetConfig                      0x08001c34   Section        0  stm32f0xx_hal_tim.o(i.TIM_ETR_SetConfig)
    TIM_ETR_SetConfig                        0x08001c35   Thumb Code    22  stm32f0xx_hal_tim.o(i.TIM_ETR_SetConfig)
    i.TIM_ITRx_SetConfig                     0x08001c4a   Section        0  stm32f0xx_hal_tim.o(i.TIM_ITRx_SetConfig)
    TIM_ITRx_SetConfig                       0x08001c4b   Thumb Code    16  stm32f0xx_hal_tim.o(i.TIM_ITRx_SetConfig)
    i.TIM_TI1_ConfigInputStage               0x08001c5a   Section        0  stm32f0xx_hal_tim.o(i.TIM_TI1_ConfigInputStage)
    TIM_TI1_ConfigInputStage                 0x08001c5b   Thumb Code    34  stm32f0xx_hal_tim.o(i.TIM_TI1_ConfigInputStage)
    i.TIM_TI2_ConfigInputStage               0x08001c7c   Section        0  stm32f0xx_hal_tim.o(i.TIM_TI2_ConfigInputStage)
    TIM_TI2_ConfigInputStage                 0x08001c7d   Thumb Code    38  stm32f0xx_hal_tim.o(i.TIM_TI2_ConfigInputStage)
    i.UART_AdvFeatureConfig                  0x08001ca2   Section        0  stm32f0xx_hal_uart.o(i.UART_AdvFeatureConfig)
    i.UART_CheckIdleState                    0x08001d6c   Section        0  stm32f0xx_hal_uart.o(i.UART_CheckIdleState)
    i.UART_DMAError                          0x08001d7c   Section        0  stm32f0xx_hal_uart.o(i.UART_DMAError)
    UART_DMAError                            0x08001d7d   Thumb Code    34  stm32f0xx_hal_uart.o(i.UART_DMAError)
    i.UART_DMAReceiveCplt                    0x08001d9e   Section        0  stm32f0xx_hal_uart.o(i.UART_DMAReceiveCplt)
    UART_DMAReceiveCplt                      0x08001d9f   Thumb Code    54  stm32f0xx_hal_uart.o(i.UART_DMAReceiveCplt)
    i.UART_DMARxHalfCplt                     0x08001dd4   Section        0  stm32f0xx_hal_uart.o(i.UART_DMARxHalfCplt)
    UART_DMARxHalfCplt                       0x08001dd5   Thumb Code    10  stm32f0xx_hal_uart.o(i.UART_DMARxHalfCplt)
    i.UART_DMATransmitCplt                   0x08001dde   Section        0  stm32f0xx_hal_uart.o(i.UART_DMATransmitCplt)
    UART_DMATransmitCplt                     0x08001ddf   Thumb Code    48  stm32f0xx_hal_uart.o(i.UART_DMATransmitCplt)
    i.UART_DMATxHalfCplt                     0x08001e0e   Section        0  stm32f0xx_hal_uart.o(i.UART_DMATxHalfCplt)
    UART_DMATxHalfCplt                       0x08001e0f   Thumb Code    10  stm32f0xx_hal_uart.o(i.UART_DMATxHalfCplt)
    i.UART_EndTransmit_IT                    0x08001e18   Section        0  stm32f0xx_hal_uart.o(i.UART_EndTransmit_IT)
    i.UART_Receive_IT                        0x08001e48   Section        0  stm32f0xx_hal_uart.o(i.UART_Receive_IT)
    i.UART_SetConfig                         0x08001ed8   Section        0  stm32f0xx_hal_uart.o(i.UART_SetConfig)
    i.UART_Transmit_IT                       0x08001ffc   Section        0  stm32f0xx_hal_uart.o(i.UART_Transmit_IT)
    i.UART_WaitOnFlagUntilTimeout            0x0800206a   Section        0  stm32f0xx_hal_uart.o(i.UART_WaitOnFlagUntilTimeout)
    i.USART1_IRQHandler                      0x08002118   Section        0  stm32f0xx_it.o(i.USART1_IRQHandler)
    i.USART2_IRQHandler                      0x08002128   Section        0  stm32f0xx_it.o(i.USART2_IRQHandler)
    i.__0printf$bare                         0x08002138   Section        0  printfb.o(i.__0printf$bare)
    i.__scatterload_copy                     0x0800214c   Section       14  handlers.o(i.__scatterload_copy)
    i.__scatterload_null                     0x0800215a   Section        2  handlers.o(i.__scatterload_null)
    i.__scatterload_zeroinit                 0x0800215c   Section       14  handlers.o(i.__scatterload_zeroinit)
    i._printf_core                           0x0800216a   Section        0  printfb.o(i._printf_core)
    _printf_core                             0x0800216b   Thumb Code    30  printfb.o(i._printf_core)
    i.delay_70usec                           0x08002188   Section        0  main.o(i.delay_70usec)
    i.fputc                                  0x080021a4   Section        0  main.o(i.fputc)
    i.main                                   0x080021bc   Section        0  main.o(i.main)
    i.makeFreeRtosPriority                   0x080022f8   Section        0  cmsis_os.o(i.makeFreeRtosPriority)
    makeFreeRtosPriority                     0x080022f9   Thumb Code    12  cmsis_os.o(i.makeFreeRtosPriority)
    i.osKernelStart                          0x08002304   Section        0  cmsis_os.o(i.osKernelStart)
    i.osSystickHandler                       0x0800230e   Section        0  cmsis_os.o(i.osSystickHandler)
    i.osThreadCreate                         0x0800231e   Section        0  cmsis_os.o(i.osThreadCreate)
    i.prvCheckTasksWaitingTermination        0x08002358   Section        0  tasks.o(i.prvCheckTasksWaitingTermination)
    prvCheckTasksWaitingTermination          0x08002359   Thumb Code    78  tasks.o(i.prvCheckTasksWaitingTermination)
    i.prvHeapInit                            0x080023b0   Section        0  heap_4.o(i.prvHeapInit)
    prvHeapInit                              0x080023b1   Thumb Code    60  heap_4.o(i.prvHeapInit)
    i.prvIdleTask                            0x080023f4   Section        0  tasks.o(i.prvIdleTask)
    prvIdleTask                              0x080023f5   Thumb Code    18  tasks.o(i.prvIdleTask)
    i.prvInsertBlockIntoFreeList             0x0800240c   Section        0  heap_4.o(i.prvInsertBlockIntoFreeList)
    prvInsertBlockIntoFreeList               0x0800240d   Thumb Code    72  heap_4.o(i.prvInsertBlockIntoFreeList)
    i.prvResetNextTaskUnblockTime            0x08002458   Section        0  tasks.o(i.prvResetNextTaskUnblockTime)
    prvResetNextTaskUnblockTime              0x08002459   Thumb Code    28  tasks.o(i.prvResetNextTaskUnblockTime)
    i.prvTaskExitError                       0x08002478   Section        0  port.o(i.prvTaskExitError)
    prvTaskExitError                         0x08002479   Thumb Code    14  port.o(i.prvTaskExitError)
    i.pvPortMalloc                           0x0800248c   Section        0  heap_4.o(i.pvPortMalloc)
    i.pxPortInitialiseStack                  0x0800253c   Section        0  port.o(i.pxPortInitialiseStack)
    i.uxListRemove                           0x0800255c   Section        0  list.o(i.uxListRemove)
    i.vListInitialise                        0x08002580   Section        0  list.o(i.vListInitialise)
    i.vListInitialiseItem                    0x08002596   Section        0  list.o(i.vListInitialiseItem)
    i.vListInsertEnd                         0x0800259c   Section        0  list.o(i.vListInsertEnd)
    i.vPortEnterCritical                     0x080025b4   Section        0  port.o(i.vPortEnterCritical)
    i.vPortExitCritical                      0x080025cc   Section        0  port.o(i.vPortExitCritical)
    i.vPortFree                              0x080025e8   Section        0  heap_4.o(i.vPortFree)
    i.vPortYield                             0x0800262c   Section        0  port.o(i.vPortYield)
    i.vTaskStartScheduler                    0x08002644   Section        0  tasks.o(i.vTaskStartScheduler)
    i.vTaskSuspendAll                        0x08002688   Section        0  tasks.o(i.vTaskSuspendAll)
    i.vTaskSwitchContext                     0x08002698   Section        0  tasks.o(i.vTaskSwitchContext)
    i.xPortStartScheduler                    0x080026f0   Section        0  port.o(i.xPortStartScheduler)
    i.xPortSysTickHandler                    0x0800273c   Section        0  port.o(i.xPortSysTickHandler)
    i.xTaskGenericCreate                     0x08002760   Section        0  tasks.o(i.xTaskGenericCreate)
    i.xTaskGetSchedulerState                 0x080028dc   Section        0  tasks.o(i.xTaskGetSchedulerState)
    i.xTaskIncrementTick                     0x080028fc   Section        0  tasks.o(i.xTaskIncrementTick)
    i.xTaskResumeAll                         0x080029bc   Section        0  tasks.o(i.xTaskResumeAll)
    .constdata                               0x08002a64   Section       40  main.o(.constdata)
    .constdata                               0x08002a8c   Section       16  stm32f0xx_hal_rcc.o(.constdata)
    .conststring                             0x08002a9c   Section       26  main.o(.conststring)
    .data                                    0x20000000   Section      108  main.o(.data)
    .data                                    0x2000006c   Section       20  system_stm32f0xx.o(.data)
    .data                                    0x20000080   Section        4  stm32f0xx_hal.o(.data)
    uwTick                                   0x20000080   Data           4  stm32f0xx_hal.o(.data)
    .data                                    0x20000084   Section       24  heap_4.o(.data)
    pxEnd                                    0x20000084   Data           4  heap_4.o(.data)
    xFreeBytesRemaining                      0x20000088   Data           4  heap_4.o(.data)
    xMinimumEverFreeBytesRemaining           0x2000008c   Data           4  heap_4.o(.data)
    xBlockAllocatedBit                       0x20000090   Data           4  heap_4.o(.data)
    xStart                                   0x20000094   Data           8  heap_4.o(.data)
    .data                                    0x2000009c   Section        4  port.o(.data)
    uxCriticalNesting                        0x2000009c   Data           4  port.o(.data)
    .data                                    0x200000a0   Section       56  tasks.o(.data)
    uxTasksDeleted                           0x200000a4   Data           4  tasks.o(.data)
    uxCurrentNumberOfTasks                   0x200000a8   Data           4  tasks.o(.data)
    xTickCount                               0x200000ac   Data           4  tasks.o(.data)
    uxTopReadyPriority                       0x200000b0   Data           4  tasks.o(.data)
    xSchedulerRunning                        0x200000b4   Data           4  tasks.o(.data)
    uxPendedTicks                            0x200000b8   Data           4  tasks.o(.data)
    xYieldPending                            0x200000bc   Data           4  tasks.o(.data)
    xNumOfOverflows                          0x200000c0   Data           4  tasks.o(.data)
    uxTaskNumber                             0x200000c4   Data           4  tasks.o(.data)
    xNextTaskUnblockTime                     0x200000c8   Data           4  tasks.o(.data)
    uxSchedulerSuspended                     0x200000cc   Data           4  tasks.o(.data)
    pxDelayedTaskList                        0x200000d0   Data           4  tasks.o(.data)
    pxOverflowDelayedTaskList                0x200000d4   Data           4  tasks.o(.data)
    .data                                    0x200000d8   Section        4  stdout.o(.data)
    .bss                                     0x200000dc   Section      444  main.o(.bss)
    .bss                                     0x20000298   Section       56  main.o(.bss)
    .bss                                     0x200002d0   Section       56  main.o(.bss)
    .bss                                     0x20000308   Section       56  main.o(.bss)
    .bss                                     0x20000340   Section       56  main.o(.bss)
    .bss                                     0x20000378   Section     3072  heap_4.o(.bss)
    ucHeap                                   0x20000378   Data        3072  heap_4.o(.bss)
    .bss                                     0x20000f78   Section      240  tasks.o(.bss)
    pxReadyTasksLists                        0x20000f78   Data         140  tasks.o(.bss)
    xDelayedTaskList1                        0x20001004   Data          20  tasks.o(.bss)
    xDelayedTaskList2                        0x20001018   Data          20  tasks.o(.bss)
    xPendingReadyList                        0x2000102c   Data          20  tasks.o(.bss)
    xTasksWaitingTermination                 0x20001040   Data          20  tasks.o(.bss)
    xSuspendedTaskList                       0x20001054   Data          20  tasks.o(.bss)
    STACK                                    0x20001068   Section     1024  startup_stm32f030x8.o(STACK)

    Global Symbols

    Symbol Name                              Value     Ov Type        Size  Object(Section)

    BuildAttributes$$THM_ISAv3M$S$PE$A:L22$X:L11$S22$IEEE1$IW$USESV6$~STKCKD$USESV7$~SHL$OSPACE$ROPI$EBA8$MICROLIB$REQ8$PRES8$EABIv2 0x00000000   Number         0  anon$$obj.o ABSOLUTE
    __ARM_use_no_argv                        0x00000000   Number         0  main.o ABSOLUTE
    __cpp_initialize__aeabi_                  - Undefined Weak Reference
    __cxa_finalize                            - Undefined Weak Reference
    __decompress                              - Undefined Weak Reference
    _clock_init                               - Undefined Weak Reference
    _microlib_exit                            - Undefined Weak Reference
    __Vectors_Size                           0x000000b4   Number         0  startup_stm32f030x8.o ABSOLUTE
    __Vectors                                0x08000000   Data           4  startup_stm32f030x8.o(RESET)
    __Vectors_End                            0x080000b4   Data           0  startup_stm32f030x8.o(RESET)
    __main                                   0x080000b5   Thumb Code     0  entry.o(.ARM.Collect$$$$00000000)
    _main_stk                                0x080000b5   Thumb Code     0  entry2.o(.ARM.Collect$$$$00000001)
    _main_scatterload                        0x080000b9   Thumb Code     0  entry5.o(.ARM.Collect$$$$00000004)
    __main_after_scatterload                 0x080000bd   Thumb Code     0  entry5.o(.ARM.Collect$$$$00000004)
    _main_clock                              0x080000bd   Thumb Code     0  entry7b.o(.ARM.Collect$$$$00000008)
    _main_cpp_init                           0x080000bd   Thumb Code     0  entry8b.o(.ARM.Collect$$$$0000000A)
    _main_init                               0x080000bd   Thumb Code     0  entry9a.o(.ARM.Collect$$$$0000000B)
    __rt_final_cpp                           0x080000c5   Thumb Code     0  entry10a.o(.ARM.Collect$$$$0000000D)
    __rt_final_exit                          0x080000c5   Thumb Code     0  entry11a.o(.ARM.Collect$$$$0000000F)
    __asm___6_port_c_39a90d8d__prvPortStartFirstTask 0x080000c9   Thumb Code    28  port.o(.emb_text)
    ulSetInterruptMaskFromISR                0x080000e9   Thumb Code     8  port.o(.emb_text)
    vClearInterruptMaskFromISR               0x080000f1   Thumb Code     6  port.o(.emb_text)
    PendSV_Handler                           0x080000f7   Thumb Code    62  port.o(.emb_text)
    Reset_Handler                            0x08000139   Thumb Code     8  startup_stm32f030x8.o(.text)
    NMI_Handler                              0x08000141   Thumb Code     2  startup_stm32f030x8.o(.text)
    HardFault_Handler                        0x08000143   Thumb Code     2  startup_stm32f030x8.o(.text)
    ADC1_IRQHandler                          0x0800014b   Thumb Code     0  startup_stm32f030x8.o(.text)
    DMA1_Channel1_IRQHandler                 0x0800014b   Thumb Code     0  startup_stm32f030x8.o(.text)
    EXTI2_3_IRQHandler                       0x0800014b   Thumb Code     0  startup_stm32f030x8.o(.text)
    EXTI4_15_IRQHandler                      0x0800014b   Thumb Code     0  startup_stm32f030x8.o(.text)
    FLASH_IRQHandler                         0x0800014b   Thumb Code     0  startup_stm32f030x8.o(.text)
    I2C1_IRQHandler                          0x0800014b   Thumb Code     0  startup_stm32f030x8.o(.text)
    I2C2_IRQHandler                          0x0800014b   Thumb Code     0  startup_stm32f030x8.o(.text)
    RCC_IRQHandler                           0x0800014b   Thumb Code     0  startup_stm32f030x8.o(.text)
    RTC_IRQHandler                           0x0800014b   Thumb Code     0  startup_stm32f030x8.o(.text)
    SPI1_IRQHandler                          0x0800014b   Thumb Code     0  startup_stm32f030x8.o(.text)
    SPI2_IRQHandler                          0x0800014b   Thumb Code     0  startup_stm32f030x8.o(.text)
    TIM14_IRQHandler                         0x0800014b   Thumb Code     0  startup_stm32f030x8.o(.text)
    TIM15_IRQHandler                         0x0800014b   Thumb Code     0  startup_stm32f030x8.o(.text)
    TIM16_IRQHandler                         0x0800014b   Thumb Code     0  startup_stm32f030x8.o(.text)
    TIM17_IRQHandler                         0x0800014b   Thumb Code     0  startup_stm32f030x8.o(.text)
    TIM1_BRK_UP_TRG_COM_IRQHandler           0x0800014b   Thumb Code     0  startup_stm32f030x8.o(.text)
    TIM1_CC_IRQHandler                       0x0800014b   Thumb Code     0  startup_stm32f030x8.o(.text)
    WWDG_IRQHandler                          0x0800014b   Thumb Code     0  startup_stm32f030x8.o(.text)
    __aeabi_uidiv                            0x08000155   Thumb Code     0  uidiv.o(.text)
    __aeabi_uidivmod                         0x08000155   Thumb Code    44  uidiv.o(.text)
    __aeabi_memcpy                           0x08000181   Thumb Code    36  memcpya.o(.text)
    __aeabi_memcpy4                          0x08000181   Thumb Code     0  memcpya.o(.text)
    __aeabi_memcpy8                          0x08000181   Thumb Code     0  memcpya.o(.text)
    __aeabi_memset                           0x080001a5   Thumb Code    14  memseta.o(.text)
    __aeabi_memset4                          0x080001a5   Thumb Code     0  memseta.o(.text)
    __aeabi_memset8                          0x080001a5   Thumb Code     0  memseta.o(.text)
    __aeabi_memclr                           0x080001b3   Thumb Code     4  memseta.o(.text)
    __aeabi_memclr4                          0x080001b3   Thumb Code     0  memseta.o(.text)
    __aeabi_memclr8                          0x080001b3   Thumb Code     0  memseta.o(.text)
    _memset$wrapper                          0x080001b7   Thumb Code    18  memseta.o(.text)
    __scatterload                            0x080001c9   Thumb Code    28  init.o(.text)
    __scatterload_rt2                        0x080001c9   Thumb Code     0  init.o(.text)
    DMA1_Channel2_3_IRQHandler               0x080001ed   Thumb Code    16  stm32f0xx_it.o(i.DMA1_Channel2_3_IRQHandler)
    DMA1_Channel4_5_IRQHandler               0x08000205   Thumb Code    16  stm32f0xx_it.o(i.DMA1_Channel4_5_IRQHandler)
    EXTI0_1_IRQHandler                       0x0800023b   Thumb Code    10  stm32f0xx_it.o(i.EXTI0_1_IRQHandler)
    HAL_CRCEx_Init                           0x0800026d   Thumb Code     4  stm32f0xx_hal_crc_ex.o(i.HAL_CRCEx_Init)
    HAL_CRC_Init                             0x08000271   Thumb Code    92  stm32f0xx_hal_crc.o(i.HAL_CRC_Init)
    HAL_CRC_MspInit                          0x080002cd   Thumb Code    28  stm32f0xx_hal_msp.o(i.HAL_CRC_MspInit)
    HAL_DMA_IRQHandler                       0x080002f1   Thumb Code   470  stm32f0xx_hal_dma.o(i.HAL_DMA_IRQHandler)
    HAL_DMA_Init                             0x080004cd   Thumb Code    78  stm32f0xx_hal_dma.o(i.HAL_DMA_Init)
    HAL_DMA_Start_IT                         0x08000521   Thumb Code    78  stm32f0xx_hal_dma.o(i.HAL_DMA_Start_IT)
    HAL_Delay                                0x0800056f   Thumb Code    22  stm32f0xx_hal.o(i.HAL_Delay)
    HAL_GPIO_EXTI_Callback                   0x08000585   Thumb Code    10  main.o(i.HAL_GPIO_EXTI_Callback)
    HAL_GPIO_EXTI_IRQHandler                 0x08000595   Thumb Code    18  stm32f0xx_hal_gpio.o(i.HAL_GPIO_EXTI_IRQHandler)
    HAL_GPIO_Init                            0x080005ad   Thumb Code   302  stm32f0xx_hal_gpio.o(i.HAL_GPIO_Init)
    HAL_GPIO_TogglePin                       0x080006f5   Thumb Code     8  stm32f0xx_hal_gpio.o(i.HAL_GPIO_TogglePin)
    HAL_GPIO_WritePin                        0x080006fd   Thumb Code    12  stm32f0xx_hal_gpio.o(i.HAL_GPIO_WritePin)
    HAL_GetTick                              0x08000709   Thumb Code     6  stm32f0xx_hal.o(i.HAL_GetTick)
    HAL_I2CEx_ConfigAnalogFilter             0x08000715   Thumb Code    96  stm32f0xx_hal_i2c_ex.o(i.HAL_I2CEx_ConfigAnalogFilter)
    HAL_I2C_Init                             0x08000775   Thumb Code   158  stm32f0xx_hal_i2c.o(i.HAL_I2C_Init)
    HAL_I2C_MspInit                          0x08000819   Thumb Code    60  stm32f0xx_hal_msp.o(i.HAL_I2C_MspInit)
    HAL_Init                                 0x08000861   Thumb Code    26  stm32f0xx_hal.o(i.HAL_Init)
    HAL_InitTick                             0x08000881   Thumb Code    34  stm32f0xx_hal.o(i.HAL_InitTick)
    HAL_MspInit                              0x080008a5   Thumb Code    30  stm32f0xx_hal_msp.o(i.HAL_MspInit)
    HAL_NVIC_EnableIRQ                       0x080008c9   Thumb Code    14  stm32f0xx_hal_cortex.o(i.HAL_NVIC_EnableIRQ)
    HAL_NVIC_SetPriority                     0x080008dd   Thumb Code     8  stm32f0xx_hal_cortex.o(i.HAL_NVIC_SetPriority)
    HAL_RCCEx_PeriphCLKConfig                0x080008e5   Thumb Code   186  stm32f0xx_hal_rcc_ex.o(i.HAL_RCCEx_PeriphCLKConfig)
    HAL_RCC_ClockConfig                      0x080009ad   Thumb Code   400  stm32f0xx_hal_rcc.o(i.HAL_RCC_ClockConfig)
    HAL_RCC_GetHCLKFreq                      0x08000b49   Thumb Code    26  stm32f0xx_hal_rcc.o(i.HAL_RCC_GetHCLKFreq)
    HAL_RCC_GetPCLK1Freq                     0x08000b71   Thumb Code    22  stm32f0xx_hal_rcc.o(i.HAL_RCC_GetPCLK1Freq)
    HAL_RCC_GetSysClockFreq                  0x08000b91   Thumb Code    76  stm32f0xx_hal_rcc.o(i.HAL_RCC_GetSysClockFreq)
    HAL_RCC_OscConfig                        0x08000c09   Thumb Code   892  stm32f0xx_hal_rcc.o(i.HAL_RCC_OscConfig)
    HAL_SYSTICK_CLKSourceConfig              0x08000f91   Thumb Code    20  stm32f0xx_hal_cortex.o(i.HAL_SYSTICK_CLKSourceConfig)
    HAL_SYSTICK_Config                       0x08000fa9   Thumb Code    38  stm32f0xx_hal_cortex.o(i.HAL_SYSTICK_Config)
    HAL_TIMEx_BreakCallback                  0x08000fd9   Thumb Code     2  stm32f0xx_hal_tim_ex.o(i.HAL_TIMEx_BreakCallback)
    HAL_TIMEx_CommutationCallback            0x08000fdb   Thumb Code     2  stm32f0xx_hal_tim_ex.o(i.HAL_TIMEx_CommutationCallback)
    HAL_TIMEx_MasterConfigSynchronization    0x08000fdd   Thumb Code    72  stm32f0xx_hal_tim_ex.o(i.HAL_TIMEx_MasterConfigSynchronization)
    HAL_TIM_Base_Init                        0x08001025   Thumb Code    52  stm32f0xx_hal_tim.o(i.HAL_TIM_Base_Init)
    HAL_TIM_Base_MspInit                     0x08001059   Thumb Code    44  stm32f0xx_hal_msp.o(i.HAL_TIM_Base_MspInit)
    HAL_TIM_ConfigClockSource                0x0800108d   Thumb Code   238  stm32f0xx_hal_tim.o(i.HAL_TIM_ConfigClockSource)
    HAL_TIM_IC_CaptureCallback               0x0800117b   Thumb Code     2  stm32f0xx_hal_tim.o(i.HAL_TIM_IC_CaptureCallback)
    HAL_TIM_IRQHandler                       0x0800117d   Thumb Code   354  stm32f0xx_hal_tim.o(i.HAL_TIM_IRQHandler)
    HAL_TIM_OC_DelayElapsedCallback          0x080012df   Thumb Code     2  stm32f0xx_hal_tim.o(i.HAL_TIM_OC_DelayElapsedCallback)
    HAL_TIM_PWM_PulseFinishedCallback        0x080012e1   Thumb Code     2  stm32f0xx_hal_tim.o(i.HAL_TIM_PWM_PulseFinishedCallback)
    HAL_TIM_PeriodElapsedCallback            0x080012e5   Thumb Code     8  main.o(i.HAL_TIM_PeriodElapsedCallback)
    HAL_TIM_TriggerCallback                  0x080012f1   Thumb Code     2  stm32f0xx_hal_tim.o(i.HAL_TIM_TriggerCallback)
    HAL_UART_ErrorCallback                   0x080012f3   Thumb Code     2  stm32f0xx_hal_uart.o(i.HAL_UART_ErrorCallback)
    HAL_UART_IRQHandler                      0x080012f5   Thumb Code   200  stm32f0xx_hal_uart_ex.o(i.HAL_UART_IRQHandler)
    HAL_UART_Init                            0x080013bd   Thumb Code   108  stm32f0xx_hal_uart.o(i.HAL_UART_Init)
    HAL_UART_MspInit                         0x08001429   Thumb Code   278  stm32f0xx_hal_msp.o(i.HAL_UART_MspInit)
    HAL_UART_Receive_DMA                     0x08001561   Thumb Code   120  stm32f0xx_hal_uart.o(i.HAL_UART_Receive_DMA)
    HAL_UART_RxCpltCallback                  0x080015e5   Thumb Code    76  main.o(i.HAL_UART_RxCpltCallback)
    HAL_UART_RxHalfCpltCallback              0x08001671   Thumb Code     2  stm32f0xx_hal_uart.o(i.HAL_UART_RxHalfCpltCallback)
    HAL_UART_Transmit                        0x08001673   Thumb Code   186  stm32f0xx_hal_uart.o(i.HAL_UART_Transmit)
    HAL_UART_Transmit_DMA                    0x0800172d   Thumb Code   128  stm32f0xx_hal_uart.o(i.HAL_UART_Transmit_DMA)
    HAL_UART_TxCpltCallback                  0x080017b9   Thumb Code    42  main.o(i.HAL_UART_TxCpltCallback)
    HAL_UART_TxHalfCpltCallback              0x08001821   Thumb Code     2  stm32f0xx_hal_uart.o(i.HAL_UART_TxHalfCpltCallback)
    SVC_Handler                              0x080019ad   Thumb Code     2  port.o(i.SVC_Handler)
    StartEasyDriveTask                       0x080019b1   Thumb Code   102  main.o(i.StartEasyDriveTask)
    StartUartTask                            0x08001a25   Thumb Code   168  main.o(i.StartUartTask)
    SysTick_Handler                          0x08001ad9   Thumb Code     8  stm32f0xx_it.o(i.SysTick_Handler)
    SystemClock_Config                       0x08001ae1   Thumb Code   102  main.o(i.SystemClock_Config)
    SystemInit                               0x08001b49   Thumb Code    78  system_stm32f0xx.o(i.SystemInit)
    TIM3_IRQHandler                          0x08001ba5   Thumb Code    10  stm32f0xx_it.o(i.TIM3_IRQHandler)
    TIM_Base_SetConfig                       0x08001bb5   Thumb Code   104  stm32f0xx_hal_tim.o(i.TIM_Base_SetConfig)
    UART_AdvFeatureConfig                    0x08001ca3   Thumb Code   202  stm32f0xx_hal_uart.o(i.UART_AdvFeatureConfig)
    UART_CheckIdleState                      0x08001d6d   Thumb Code    16  stm32f0xx_hal_uart.o(i.UART_CheckIdleState)
    UART_EndTransmit_IT                      0x08001e19   Thumb Code    48  stm32f0xx_hal_uart.o(i.UART_EndTransmit_IT)
    UART_Receive_IT                          0x08001e49   Thumb Code   142  stm32f0xx_hal_uart.o(i.UART_Receive_IT)
    UART_SetConfig                           0x08001ed9   Thumb Code   268  stm32f0xx_hal_uart.o(i.UART_SetConfig)
    UART_Transmit_IT                         0x08001ffd   Thumb Code   110  stm32f0xx_hal_uart.o(i.UART_Transmit_IT)
    UART_WaitOnFlagUntilTimeout              0x0800206b   Thumb Code   174  stm32f0xx_hal_uart.o(i.UART_WaitOnFlagUntilTimeout)
    USART1_IRQHandler                        0x08002119   Thumb Code    10  stm32f0xx_it.o(i.USART1_IRQHandler)
    USART2_IRQHandler                        0x08002129   Thumb Code    10  stm32f0xx_it.o(i.USART2_IRQHandler)
    __0printf$bare                           0x08002139   Thumb Code    12  printfb.o(i.__0printf$bare)
    __1printf$bare                           0x08002139   Thumb Code     0  printfb.o(i.__0printf$bare)
    __2printf                                0x08002139   Thumb Code     0  printfb.o(i.__0printf$bare)
    __scatterload_copy                       0x0800214d   Thumb Code    14  handlers.o(i.__scatterload_copy)
    __scatterload_null                       0x0800215b   Thumb Code     2  handlers.o(i.__scatterload_null)
    __scatterload_zeroinit                   0x0800215d   Thumb Code    14  handlers.o(i.__scatterload_zeroinit)
    delay_70usec                             0x08002189   Thumb Code    20  main.o(i.delay_70usec)
    fputc                                    0x080021a5   Thumb Code    20  main.o(i.fputc)
    main                                     0x080021bd   Thumb Code   272  main.o(i.main)
    osKernelStart                            0x08002305   Thumb Code    10  cmsis_os.o(i.osKernelStart)
    osSystickHandler                         0x0800230f   Thumb Code    16  cmsis_os.o(i.osSystickHandler)
    osThreadCreate                           0x0800231f   Thumb Code    56  cmsis_os.o(i.osThreadCreate)
    pvPortMalloc                             0x0800248d   Thumb Code   172  heap_4.o(i.pvPortMalloc)
    pxPortInitialiseStack                    0x0800253d   Thumb Code    28  port.o(i.pxPortInitialiseStack)
    uxListRemove                             0x0800255d   Thumb Code    36  list.o(i.uxListRemove)
    vListInitialise                          0x08002581   Thumb Code    22  list.o(i.vListInitialise)
    vListInitialiseItem                      0x08002597   Thumb Code     6  list.o(i.vListInitialiseItem)
    vListInsertEnd                           0x0800259d   Thumb Code    24  list.o(i.vListInsertEnd)
    vPortEnterCritical                       0x080025b5   Thumb Code    20  port.o(i.vPortEnterCritical)
    vPortExitCritical                        0x080025cd   Thumb Code    22  port.o(i.vPortExitCritical)
    vPortFree                                0x080025e9   Thumb Code    62  heap_4.o(i.vPortFree)
    vPortYield                               0x0800262d   Thumb Code    18  port.o(i.vPortYield)
    vTaskStartScheduler                      0x08002645   Thumb Code    52  tasks.o(i.vTaskStartScheduler)
    vTaskSuspendAll                          0x08002689   Thumb Code    10  tasks.o(i.vTaskSuspendAll)
    vTaskSwitchContext                       0x08002699   Thumb Code    78  tasks.o(i.vTaskSwitchContext)
    xPortStartScheduler                      0x080026f1   Thumb Code    58  port.o(i.xPortStartScheduler)
    xPortSysTickHandler                      0x0800273d   Thumb Code    32  port.o(i.xPortSysTickHandler)
    xTaskGenericCreate                       0x08002761   Thumb Code   370  tasks.o(i.xTaskGenericCreate)
    xTaskGetSchedulerState                   0x080028dd   Thumb Code    26  tasks.o(i.xTaskGetSchedulerState)
    xTaskIncrementTick                       0x080028fd   Thumb Code   184  tasks.o(i.xTaskIncrementTick)
    xTaskResumeAll                           0x080029bd   Thumb Code   160  tasks.o(i.xTaskResumeAll)
    aAPBAHBPrescTable                        0x08002a8c   Data          16  stm32f0xx_hal_rcc.o(.constdata)
    Region$$Table$$Base                      0x08002ab8   Number         0  anon$$obj.o(Region$$Table)
    Region$$Table$$Limit                     0x08002ad8   Number         0  anon$$obj.o(Region$$Table)
    Uart1_TXReady                            0x20000000   Data           1  main.o(.data)
    Uart1_RXReady                            0x20000001   Data           1  main.o(.data)
    Uart2_TXReady                            0x20000002   Data           1  main.o(.data)
    Uart2_RXReady                            0x20000003   Data           1  main.o(.data)
    __chr                                    0x20000004   Data           1  main.o(.data)
    UserButtonStatus                         0x20000008   Data           4  main.o(.data)
    isDelayFinished_G                        0x2000000c   Data           4  main.o(.data)
    eeprom_read                              0x20000010   Data           4  main.o(.data)
    uwPrescalervalue                         0x20000014   Data           4  main.o(.data)
    Uart_TaskHandle                          0x20000018   Data           4  main.o(.data)
    EasyDriveTaskHandle                      0x2000001c   Data           4  main.o(.data)
    dizi1                                    0x20000020   Data           8  main.o(.data)
    dizi2                                    0x20000028   Data           8  main.o(.data)
    aTxBuffer_1                              0x20000030   Data          33  main.o(.data)
    aTxBuffer_2                              0x20000051   Data          27  main.o(.data)
    SystemCoreClock                          0x2000006c   Data           4  system_stm32f0xx.o(.data)
    AHBPrescTable                            0x20000070   Data          16  system_stm32f0xx.o(.data)
    pxCurrentTCB                             0x200000a0   Data           4  tasks.o(.data)
    __stdout                                 0x200000d8   Data           4  stdout.o(.data)
    aRxBuffer_1                              0x200000dc   Data          32  main.o(.bss)
    aRxBuffer_2                              0x200000fc   Data          32  main.o(.bss)
    hcrc                                     0x2000011c   Data          36  main.o(.bss)
    hi2c1                                    0x20000140   Data          60  main.o(.bss)
    htim3                                    0x2000017c   Data          60  main.o(.bss)
    huart1                                   0x200001b8   Data         112  main.o(.bss)
    huart2                                   0x20000228   Data         112  main.o(.bss)
    hdma_usart1_rx                           0x20000298   Data          56  main.o(.bss)
    hdma_usart1_tx                           0x200002d0   Data          56  main.o(.bss)
    hdma_usart2_tx                           0x20000308   Data          56  main.o(.bss)
    hdma_usart2_rx                           0x20000340   Data          56  main.o(.bss)
    __initial_sp                             0x20001468   Data           0  startup_stm32f030x8.o(STACK)



==============================================================================

Memory Map of the image

  Image Entry point : 0x080000b5

  Load Region LR_IROM1 (Base: 0x08000000, Size: 0x00002bb4, Max: 0x00010000, ABSOLUTE)

    Execution Region ER_IROM1 (Base: 0x08000000, Size: 0x00002ad8, Max: 0x00010000, ABSOLUTE)

    Base Addr    Size         Type   Attr      Idx    E Section Name        Object

    0x08000000   0x000000b4   Data   RO         3805    RESET               startup_stm32f030x8.o
    0x080000b4   0x00000000   Code   RO         3810  * .ARM.Collect$$$$00000000  mc_p.l(entry.o)
    0x080000b4   0x00000004   Code   RO         4085    .ARM.Collect$$$$00000001  mc_p.l(entry2.o)
    0x080000b8   0x00000004   Code   RO         4088    .ARM.Collect$$$$00000004  mc_p.l(entry5.o)
    0x080000bc   0x00000000   Code   RO         4090    .ARM.Collect$$$$00000008  mc_p.l(entry7b.o)
    0x080000bc   0x00000000   Code   RO         4092    .ARM.Collect$$$$0000000A  mc_p.l(entry8b.o)
    0x080000bc   0x00000008   Code   RO         4093    .ARM.Collect$$$$0000000B  mc_p.l(entry9a.o)
    0x080000c4   0x00000000   Code   RO         4095    .ARM.Collect$$$$0000000D  mc_p.l(entry10a.o)
    0x080000c4   0x00000000   Code   RO         4097    .ARM.Collect$$$$0000000F  mc_p.l(entry11a.o)
    0x080000c4   0x00000004   Code   RO         4086    .ARM.Collect$$$$00002712  mc_p.l(entry2.o)
    0x080000c8   0x00000070   Code   RO         2860    .emb_text           port.o
    0x08000138   0x0000001c   Code   RO         3806    .text               startup_stm32f030x8.o
    0x08000154   0x0000002c   Code   RO         3813    .text               mc_p.l(uidiv.o)
    0x08000180   0x00000024   Code   RO         3817    .text               mc_p.l(memcpya.o)
    0x080001a4   0x00000024   Code   RO         3819    .text               mc_p.l(memseta.o)
    0x080001c8   0x00000024   Code   RO         4113    .text               mc_p.l(init.o)
    0x080001ec   0x00000018   Code   RO          279    i.DMA1_Channel2_3_IRQHandler  stm32f0xx_it.o
    0x08000204   0x00000018   Code   RO          280    i.DMA1_Channel4_5_IRQHandler  stm32f0xx_it.o
    0x0800021c   0x0000001e   Code   RO         2102    i.DMA_SetConfig     stm32f0xx_hal_dma.o
    0x0800023a   0x0000000a   Code   RO          281    i.EXTI0_1_IRQHandler  stm32f0xx_it.o
    0x08000244   0x00000028   Code   RO            3    i.Error_Handler     main.o
    0x0800026c   0x00000004   Code   RO         2659    i.HAL_CRCEx_Init    stm32f0xx_hal_crc_ex.o
    0x08000270   0x0000005c   Code   RO         2697    i.HAL_CRC_Init      stm32f0xx_hal_crc.o
    0x080002cc   0x00000024   Code   RO          359    i.HAL_CRC_MspInit   stm32f0xx_hal_msp.o
    0x080002f0   0x000001dc   Code   RO         2107    i.HAL_DMA_IRQHandler  stm32f0xx_hal_dma.o
    0x080004cc   0x00000054   Code   RO         2108    i.HAL_DMA_Init      stm32f0xx_hal_dma.o
    0x08000520   0x0000004e   Code   RO         2111    i.HAL_DMA_Start_IT  stm32f0xx_hal_dma.o
    0x0800056e   0x00000016   Code   RO         2415    i.HAL_Delay         stm32f0xx_hal.o
    0x08000584   0x00000010   Code   RO            4    i.HAL_GPIO_EXTI_Callback  main.o
    0x08000594   0x00000018   Code   RO         1176    i.HAL_GPIO_EXTI_IRQHandler  stm32f0xx_hal_gpio.o
    0x080005ac   0x00000148   Code   RO         1177    i.HAL_GPIO_Init     stm32f0xx_hal_gpio.o
    0x080006f4   0x00000008   Code   RO         1180    i.HAL_GPIO_TogglePin  stm32f0xx_hal_gpio.o
    0x080006fc   0x0000000c   Code   RO         1181    i.HAL_GPIO_WritePin  stm32f0xx_hal_gpio.o
    0x08000708   0x0000000c   Code   RO         2419    i.HAL_GetTick       stm32f0xx_hal.o
    0x08000714   0x00000060   Code   RO         2757    i.HAL_I2CEx_ConfigAnalogFilter  stm32f0xx_hal_i2c_ex.o
    0x08000774   0x000000a4   Code   RO         1242    i.HAL_I2C_Init      stm32f0xx_hal_i2c.o
    0x08000818   0x00000048   Code   RO          361    i.HAL_I2C_MspInit   stm32f0xx_hal_msp.o
    0x08000860   0x00000020   Code   RO         2421    i.HAL_Init          stm32f0xx_hal.o
    0x08000880   0x00000022   Code   RO         2422    i.HAL_InitTick      stm32f0xx_hal.o
    0x080008a2   0x00000002   PAD
    0x080008a4   0x00000024   Code   RO          362    i.HAL_MspInit       stm32f0xx_hal_msp.o
    0x080008c8   0x00000014   Code   RO         1903    i.HAL_NVIC_EnableIRQ  stm32f0xx_hal_cortex.o
    0x080008dc   0x00000008   Code   RO         1907    i.HAL_NVIC_SetPriority  stm32f0xx_hal_cortex.o
    0x080008e4   0x000000c8   Code   RO         1997    i.HAL_RCCEx_PeriphCLKConfig  stm32f0xx_hal_rcc_ex.o
    0x080009ac   0x0000019c   Code   RO         1550    i.HAL_RCC_ClockConfig  stm32f0xx_hal_rcc.o
    0x08000b48   0x00000028   Code   RO         1555    i.HAL_RCC_GetHCLKFreq  stm32f0xx_hal_rcc.o
    0x08000b70   0x00000020   Code   RO         1557    i.HAL_RCC_GetPCLK1Freq  stm32f0xx_hal_rcc.o
    0x08000b90   0x00000078   Code   RO         1558    i.HAL_RCC_GetSysClockFreq  stm32f0xx_hal_rcc.o
    0x08000c08   0x00000388   Code   RO         1561    i.HAL_RCC_OscConfig  stm32f0xx_hal_rcc.o
    0x08000f90   0x00000018   Code   RO         1909    i.HAL_SYSTICK_CLKSourceConfig  stm32f0xx_hal_cortex.o
    0x08000fa8   0x00000030   Code   RO         1911    i.HAL_SYSTICK_Config  stm32f0xx_hal_cortex.o
    0x08000fd8   0x00000002   Code   RO         2175    i.HAL_TIMEx_BreakCallback  stm32f0xx_hal_tim_ex.o
    0x08000fda   0x00000002   Code   RO         2176    i.HAL_TIMEx_CommutationCallback  stm32f0xx_hal_tim_ex.o
    0x08000fdc   0x00000048   Code   RO         2192    i.HAL_TIMEx_MasterConfigSynchronization  stm32f0xx_hal_tim_ex.o
    0x08001024   0x00000034   Code   RO          461    i.HAL_TIM_Base_Init  stm32f0xx_hal_tim.o
    0x08001058   0x00000034   Code   RO          364    i.HAL_TIM_Base_MspInit  stm32f0xx_hal_msp.o
    0x0800108c   0x000000ee   Code   RO          470    i.HAL_TIM_ConfigClockSource  stm32f0xx_hal_tim.o
    0x0800117a   0x00000002   Code   RO          490    i.HAL_TIM_IC_CaptureCallback  stm32f0xx_hal_tim.o
    0x0800117c   0x00000162   Code   RO          503    i.HAL_TIM_IRQHandler  stm32f0xx_hal_tim.o
    0x080012de   0x00000002   Code   RO          506    i.HAL_TIM_OC_DelayElapsedCallback  stm32f0xx_hal_tim.o
    0x080012e0   0x00000002   Code   RO          533    i.HAL_TIM_PWM_PulseFinishedCallback  stm32f0xx_hal_tim.o
    0x080012e2   0x00000002   PAD
    0x080012e4   0x0000000c   Code   RO            5    i.HAL_TIM_PeriodElapsedCallback  main.o
    0x080012f0   0x00000002   Code   RO          544    i.HAL_TIM_TriggerCallback  stm32f0xx_hal_tim.o
    0x080012f2   0x00000002   Code   RO         1655    i.HAL_UART_ErrorCallback  stm32f0xx_hal_uart.o
    0x080012f4   0x000000c8   Code   RO         2530    i.HAL_UART_IRQHandler  stm32f0xx_hal_uart_ex.o
    0x080013bc   0x0000006c   Code   RO         1658    i.HAL_UART_Init     stm32f0xx_hal_uart.o
    0x08001428   0x00000138   Code   RO          366    i.HAL_UART_MspInit  stm32f0xx_hal_msp.o
    0x08001560   0x00000084   Code   RO         1662    i.HAL_UART_Receive_DMA  stm32f0xx_hal_uart.o
    0x080015e4   0x0000008c   Code   RO            6    i.HAL_UART_RxCpltCallback  main.o
    0x08001670   0x00000002   Code   RO         1665    i.HAL_UART_RxHalfCpltCallback  stm32f0xx_hal_uart.o
    0x08001672   0x000000ba   Code   RO         1666    i.HAL_UART_Transmit  stm32f0xx_hal_uart.o
    0x0800172c   0x0000008c   Code   RO         1667    i.HAL_UART_Transmit_DMA  stm32f0xx_hal_uart.o
    0x080017b8   0x00000068   Code   RO            7    i.HAL_UART_TxCpltCallback  main.o
    0x08001820   0x00000002   Code   RO         1670    i.HAL_UART_TxHalfCpltCallback  stm32f0xx_hal_uart.o
    0x08001822   0x00000002   PAD
    0x08001824   0x000000ac   Code   RO            8    i.MX_GPIO_Init      main.o
    0x080018d0   0x00000038   Code   RO            9    i.MX_I2C1_Init      main.o
    0x08001908   0x00000030   Code   RO           10    i.MX_USART1_UART_Init  main.o
    0x08001938   0x00000030   Code   RO           11    i.MX_USART2_UART_Init  main.o
    0x08001968   0x00000044   Code   RO         1913    i.NVIC_SetPriority  stm32f0xx_hal_cortex.o
    0x080019ac   0x00000002   Code   RO         2861    i.SVC_Handler       port.o
    0x080019ae   0x00000002   PAD
    0x080019b0   0x00000074   Code   RO           12    i.StartEasyDriveTask  main.o
    0x08001a24   0x000000b4   Code   RO           13    i.StartUartTask     main.o
    0x08001ad8   0x00000008   Code   RO          282    i.SysTick_Handler   stm32f0xx_it.o
    0x08001ae0   0x00000066   Code   RO           16    i.SystemClock_Config  main.o
    0x08001b46   0x00000002   PAD
    0x08001b48   0x0000005c   Code   RO          428    i.SystemInit        system_stm32f0xx.o
    0x08001ba4   0x00000010   Code   RO          283    i.TIM3_IRQHandler   stm32f0xx_it.o
    0x08001bb4   0x00000080   Code   RO          545    i.TIM_Base_SetConfig  stm32f0xx_hal_tim.o
    0x08001c34   0x00000016   Code   RO          552    i.TIM_ETR_SetConfig  stm32f0xx_hal_tim.o
    0x08001c4a   0x00000010   Code   RO          553    i.TIM_ITRx_SetConfig  stm32f0xx_hal_tim.o
    0x08001c5a   0x00000022   Code   RO          559    i.TIM_TI1_ConfigInputStage  stm32f0xx_hal_tim.o
    0x08001c7c   0x00000026   Code   RO          561    i.TIM_TI2_ConfigInputStage  stm32f0xx_hal_tim.o
    0x08001ca2   0x000000ca   Code   RO         1671    i.UART_AdvFeatureConfig  stm32f0xx_hal_uart.o
    0x08001d6c   0x00000010   Code   RO         1672    i.UART_CheckIdleState  stm32f0xx_hal_uart.o
    0x08001d7c   0x00000022   Code   RO         1673    i.UART_DMAError     stm32f0xx_hal_uart.o
    0x08001d9e   0x00000036   Code   RO         1674    i.UART_DMAReceiveCplt  stm32f0xx_hal_uart.o
    0x08001dd4   0x0000000a   Code   RO         1675    i.UART_DMARxHalfCplt  stm32f0xx_hal_uart.o
    0x08001dde   0x00000030   Code   RO         1676    i.UART_DMATransmitCplt  stm32f0xx_hal_uart.o
    0x08001e0e   0x0000000a   Code   RO         1677    i.UART_DMATxHalfCplt  stm32f0xx_hal_uart.o
    0x08001e18   0x00000030   Code   RO         1678    i.UART_EndTransmit_IT  stm32f0xx_hal_uart.o
    0x08001e48   0x0000008e   Code   RO         1679    i.UART_Receive_IT   stm32f0xx_hal_uart.o
    0x08001ed6   0x00000002   PAD
    0x08001ed8   0x00000124   Code   RO         1680    i.UART_SetConfig    stm32f0xx_hal_uart.o
    0x08001ffc   0x0000006e   Code   RO         1681    i.UART_Transmit_IT  stm32f0xx_hal_uart.o
    0x0800206a   0x000000ae   Code   RO         1682    i.UART_WaitOnFlagUntilTimeout  stm32f0xx_hal_uart.o
    0x08002118   0x00000010   Code   RO          284    i.USART1_IRQHandler  stm32f0xx_it.o
    0x08002128   0x00000010   Code   RO          285    i.USART2_IRQHandler  stm32f0xx_it.o
    0x08002138   0x00000014   Code   RO         3824    i.__0printf$bare    mc_p.l(printfb.o)
    0x0800214c   0x0000000e   Code   RO         4125    i.__scatterload_copy  mc_p.l(handlers.o)
    0x0800215a   0x00000002   Code   RO         4126    i.__scatterload_null  mc_p.l(handlers.o)
    0x0800215c   0x0000000e   Code   RO         4127    i.__scatterload_zeroinit  mc_p.l(handlers.o)
    0x0800216a   0x0000001e   Code   RO         3831    i._printf_core      mc_p.l(printfb.o)
    0x08002188   0x0000001c   Code   RO           17    i.delay_70usec      main.o
    0x080021a4   0x00000018   Code   RO           19    i.fputc             main.o
    0x080021bc   0x0000013c   Code   RO           20    i.main              main.o
    0x080022f8   0x0000000c   Code   RO         2963    i.makeFreeRtosPriority  cmsis_os.o
    0x08002304   0x0000000a   Code   RO         2967    i.osKernelStart     cmsis_os.o
    0x0800230e   0x00000010   Code   RO         2996    i.osSystickHandler  cmsis_os.o
    0x0800231e   0x00000038   Code   RO         2997    i.osThreadCreate    cmsis_os.o
    0x08002356   0x00000002   PAD
    0x08002358   0x00000058   Code   RO         3451    i.prvCheckTasksWaitingTermination  tasks.o
    0x080023b0   0x00000044   Code   RO         2793    i.prvHeapInit       heap_4.o
    0x080023f4   0x00000018   Code   RO         3452    i.prvIdleTask       tasks.o
    0x0800240c   0x0000004c   Code   RO         2794    i.prvInsertBlockIntoFreeList  heap_4.o
    0x08002458   0x00000020   Code   RO         3454    i.prvResetNextTaskUnblockTime  tasks.o
    0x08002478   0x00000014   Code   RO         2862    i.prvTaskExitError  port.o
    0x0800248c   0x000000b0   Code   RO         2795    i.pvPortMalloc      heap_4.o
    0x0800253c   0x00000020   Code   RO         2863    i.pxPortInitialiseStack  port.o
    0x0800255c   0x00000024   Code   RO         2925    i.uxListRemove      list.o
    0x08002580   0x00000016   Code   RO         2926    i.vListInitialise   list.o
    0x08002596   0x00000006   Code   RO         2927    i.vListInitialiseItem  list.o
    0x0800259c   0x00000018   Code   RO         2929    i.vListInsertEnd    list.o
    0x080025b4   0x00000018   Code   RO         2865    i.vPortEnterCritical  port.o
    0x080025cc   0x0000001c   Code   RO         2866    i.vPortExitCritical  port.o
    0x080025e8   0x00000044   Code   RO         2796    i.vPortFree         heap_4.o
    0x0800262c   0x00000018   Code   RO         2867    i.vPortYield        port.o
    0x08002644   0x00000044   Code   RO         3476    i.vTaskStartScheduler  tasks.o
    0x08002688   0x00000010   Code   RO         3478    i.vTaskSuspendAll   tasks.o
    0x08002698   0x00000058   Code   RO         3479    i.vTaskSwitchContext  tasks.o
    0x080026f0   0x0000004c   Code   RO         2868    i.xPortStartScheduler  port.o
    0x0800273c   0x00000024   Code   RO         2869    i.xPortSysTickHandler  port.o
    0x08002760   0x0000017c   Code   RO         3481    i.xTaskGenericCreate  tasks.o
    0x080028dc   0x00000020   Code   RO         3484    i.xTaskGetSchedulerState  tasks.o
    0x080028fc   0x000000c0   Code   RO         3487    i.xTaskIncrementTick  tasks.o
    0x080029bc   0x000000a8   Code   RO         3493    i.xTaskResumeAll    tasks.o
    0x08002a64   0x00000028   Data   RO           26    .constdata          main.o
    0x08002a8c   0x00000010   Data   RO         1562    .constdata          stm32f0xx_hal_rcc.o
    0x08002a9c   0x0000001a   Data   RO           27    .conststring        main.o
    0x08002ab6   0x00000002   PAD
    0x08002ab8   0x00000020   Data   RO         4123    Region$$Table       anon$$obj.o


    Execution Region RW_IRAM1 (Base: 0x20000000, Size: 0x00001468, Max: 0x00002000, ABSOLUTE)

    Base Addr    Size         Type   Attr      Idx    E Section Name        Object

    0x20000000   0x0000006c   Data   RW           28    .data               main.o
    0x2000006c   0x00000014   Data   RW          429    .data               system_stm32f0xx.o
    0x20000080   0x00000004   Data   RW         2427    .data               stm32f0xx_hal.o
    0x20000084   0x00000018   Data   RW         2801    .data               heap_4.o
    0x2000009c   0x00000004   Data   RW         2870    .data               port.o
    0x200000a0   0x00000038   Data   RW         3496    .data               tasks.o
    0x200000d8   0x00000004   Data   RW         4099    .data               mc_p.l(stdout.o)
    0x200000dc   0x000001bc   Zero   RW           21    .bss                main.o
    0x20000298   0x00000038   Zero   RW           22    .bss                main.o
    0x200002d0   0x00000038   Zero   RW           23    .bss                main.o
    0x20000308   0x00000038   Zero   RW           24    .bss                main.o
    0x20000340   0x00000038   Zero   RW           25    .bss                main.o
    0x20000378   0x00000c00   Zero   RW         2800    .bss                heap_4.o
    0x20000f78   0x000000f0   Zero   RW         3495    .bss                tasks.o
    0x20001068   0x00000400   Zero   RW         3803    STACK               startup_stm32f030x8.o


==============================================================================

Image component sizes


      Code (inc. data)   RO Data    RW Data    ZI Data      Debug   Object Name

        94          0          0          0          0       7214   cmsis_os.o
       388         22          0         24       3072       5655   heap_4.o
        88          0          0          0          0       2688   list.o
      1402        278         66        108        668     215680   main.o
       354         58          0          4          0       6896   port.o
        28          8        180          0       1024        716   startup_stm32f030x8.o
       100         12          0          4          0       3108   stm32f0xx_hal.o
       168         28          0          0          0       9255   stm32f0xx_hal_cortex.o
        92          0          0          0          0       1091   stm32f0xx_hal_crc.o
         4          0          0          0          0        913   stm32f0xx_hal_crc_ex.o
       668         12          0          0          0       3515   stm32f0xx_hal_dma.o
       372         32          0          0          0       3484   stm32f0xx_hal_gpio.o
       164          6          0          0          0       1755   stm32f0xx_hal_i2c.o
        96          0          0          0          0       1159   stm32f0xx_hal_i2c_ex.o
       508         68          0          0          0       3546   stm32f0xx_hal_msp.o
      1508         92         16          0          0       5377   stm32f0xx_hal_rcc.o
       200         14          0          0          0       1380   stm32f0xx_hal_rcc_ex.o
       890         24          0          0          0       8803   stm32f0xx_hal_tim.o
        76          0          0          0          0       2318   stm32f0xx_hal_tim_ex.o
      1712         48          0          0          0      13912   stm32f0xx_hal_uart.o
       200          0          0          0          0       1182   stm32f0xx_hal_uart_ex.o
       114         34          0          0          0       3179   stm32f0xx_it.o
        92         14          0         20          0       1321   system_stm32f0xx.o
      1088         84          0         56        240      11609   tasks.o

    ----------------------------------------------------------------------
     10420        834        296        216       5004     315756   Object Totals
         0          0         32          0          0          0   (incl. Generated)
        14          0          2          0          0          0   (incl. Padding)

    ----------------------------------------------------------------------

      Code (inc. data)   RO Data    RW Data    ZI Data      Debug   Library Member Name

         0          0          0          0          0          0   entry.o
         0          0          0          0          0          0   entry10a.o
         0          0          0          0          0          0   entry11a.o
         8          4          0          0          0          0   entry2.o
         4          0          0          0          0          0   entry5.o
         0          0          0          0          0          0   entry7b.o
         0          0          0          0          0          0   entry8b.o
         8          4          0          0          0          0   entry9a.o
        30          0          0          0          0          0   handlers.o
        36          8          0          0          0         68   init.o
        36          0          0          0          0         60   memcpya.o
        36          0          0          0          0        100   memseta.o
        50          8          0          0          0        144   printfb.o
         0          0          0          4          0          0   stdout.o
        44          0          0          0          0         72   uidiv.o

    ----------------------------------------------------------------------
       252         24          0          4          0        444   Library Totals
         0          0          0          0          0          0   (incl. Padding)

    ----------------------------------------------------------------------

      Code (inc. data)   RO Data    RW Data    ZI Data      Debug   Library Name

       252         24          0          4          0        444   mc_p.l

    ----------------------------------------------------------------------
       252         24          0          4          0        444   Library Totals

    ----------------------------------------------------------------------

==============================================================================


      Code (inc. data)   RO Data    RW Data    ZI Data      Debug   

     10672        858        296        220       5004     311064   Grand Totals
     10672        858        296        220       5004     311064   ELF Image Totals
     10672        858        296        220          0          0   ROM Totals

==============================================================================

    Total RO  Size (Code + RO Data)                10968 (  10.71kB)
    Total RW  Size (RW Data + ZI Data)              5224 (   5.10kB)
    Total ROM Size (Code + RO Data + RW Data)      11188 (  10.93kB)

==============================================================================

