<html>
<body>
<pre>
<h1>µVision Build Log</h1>
<h2>Tool Versions:</h2>
IDE-Version: µVision V5.16a
Copyright (C) 2015 ARM Ltd and ARM Germany GmbH. All rights reserved.
License Information: Çiçek Abbas, -, LIC=IC912-94HEE-49UG2-98ZBR-0AQN0-HDDNF
 
Tool Versions:
Toolchain:       MDK-ARM Professional  Version: 5.16a
Toolchain Path:  C:\Keil_v5\ARM\ARMCC\Bin
C Compiler:      Armcc.exe V5.06 (build 20)
Assembler:       Armasm.exe V5.06 (build 20)
Linker/Locator:  ArmLink.exe V5.06 (build 20)
Library Manager: ArmAr.exe V5.06 (build 20)
Hex Converter:   FromElf.exe V5.06 (build 20)
CPU DLL:         SARMCM3.DLL V5.16a
Dialog DLL:      DARMCM1.DLL V1.12.0.0
Target DLL:      STLink\ST-LINKIII-KEIL_SWO.dll V2.0.17.0
Dialog DLL:      TARMCM1.DLL V1.9.0.0
 
<h2>Project:</h2>
C:\Users\Tarkan\Documents\keil-cubemx\antsis\Frtos_Uart_EasyD_I2C\MDK-ARM\Frtos_Uart_EasyD_I2C.uvprojx
Project File Date:  01/09/2016

<h2>Output:</h2>
*** Using Compiler 'V5.06 (build 20)', folder: 'C:\Keil_v5\ARM\ARMCC\Bin'
Rebuild target 'Frtos_Uart_EasyD_I2C Configuration'
compiling freertos.c...
compiling system_stm32f0xx.c...
compiling stm32f0xx_hal_msp.c...
compiling stm32f0xx_hal_pwr.c...
compiling stm32f0xx_it.c...
compiling stm32f0xx_hal_gpio.c...
compiling main.c...
../Src/main.c(346): warning:  #111-D: statement is unreachable
  		printf("Giris Bekleniyor\n\r");
../Src/main.c(392): warning:  #111-D: statement is unreachable
      osDelay(1);
../Src/main.c(400): warning:  #174-D: expression has no effect
  		
_NOP;
../Src/main.c(537): warning:  #177-D: function "Buffercmp" was declared but never referenced
  static uint16_t Buffercmp(uint8_t* pBuffer1, uint8_t* pBuffer2, uint16_t BufferLength)
../Src/main.c: 4 warnings, 0 errors
compiling stm32f0xx_hal_pwr_ex.c...
compiling stm32f0xx_hal_tim.c...
compiling stm32f0xx_hal_cortex.c...
compiling stm32f0xx_hal_rcc.c...
compiling stm32f0xx_hal_uart.c...
compiling stm32f0xx_hal_rcc_ex.c...
compiling stm32f0xx_hal_flash_ex.c...
compiling stm32f0xx_hal_i2c.c...
compiling stm32f0xx_hal.c...
compiling stm32f0xx_hal_flash.c...
compiling stm32f0xx_hal_uart_ex.c...
compiling stm32f0xx_hal_dma.c...
compiling stm32f0xx_hal_tim_ex.c...
compiling stm32f0xx_hal_crc_ex.c...
compiling croutine.c...
compiling heap_4.c...
compiling stm32f0xx_hal_crc.c...
compiling list.c...
compiling port.c...
compiling stm32f0xx_hal_i2c_ex.c...
compiling cmsis_os.c...
assembling startup_stm32f030x8.s...
compiling event_groups.c...
compiling timers.c...
compiling queue.c...
compiling tasks.c...
linking...
Program Size: Code=10672 RO-data=296 RW-data=220 ZI-data=5004  
"Frtos_Uart_EasyD_I2C Configuration\Frtos_Uart_EasyD_I2C Configuration.axf" - 0 Error(s), 4 Warning(s).

<h2>Software Packages used:</h2>

Package Vendor: ARM
                http://www.keil.com/pack/ARM.CMSIS.4.4.0.pack
                ARM::CMSIS:CORE:4.2.0
                CMSIS (Cortex Microcontroller Software Interface Standard)
   * Component: CORE Version: 4.2.0

<h2>Collection of Component include folders:</h2>
  C:\Users\Tarkan\Documents\keil-cubemx\antsis\Frtos_Uart_EasyD_I2C\MDK-ARM\RTE
  C:\Keil_v5\ARM\PACK\ARM\CMSIS\4.4.0\CMSIS\Include
  C:\Keil_v5\ARM\PACK\Keil\STM32F0xx_DFP\1.4.0\Device\Include

<h2>Collection of Component Files used:</h2>

   * Component: ARM::CMSIS:CORE:4.2.0
Build Time Elapsed:  00:00:08
</pre>
</body>
</html>
